
Nucleus-Electron Coupled Self-Consistent Field method for treating nonadiabatic electron-nuclei coupling effects

Initial Guess with UKS solutions
converged SCF energy = -1.12481404896205  <S^2> = -8.8817842e-16  2S+1 = 1
converged SCF energy = -1.13103373578783  <S^2> = -8.8817842e-16  2S+1 = 1
converged SCF energy = -1.11498016721338  <S^2> = 4.4408921e-16  2S+1 = 1
converged SCF energy = -1.13115975383301  <S^2> = 0  2S+1 = 1
converged SCF energy = -1.13206433142925  <S^2> = 2.220446e-16  2S+1 = 1
converged SCF energy = -1.12023542971236  <S^2> = -8.8817842e-16  2S+1 = 1
converged SCF energy = -1.10921727087032  <S^2> = 0  2S+1 = 1
converged SCF energy = -1.08341352868642  <S^2> = 0  2S+1 = 1
converged SCF energy = -1.09010132486097  <S^2> = 6.6613381e-16  2S+1 = 1
converged SCF energy = -1.10308147371995  <S^2> = 0  2S+1 = 1
converged SCF energy = -1.12850316948497  <S^2> = -8.8817842e-16  2S+1 = 1
converged SCF energy = -1.09668060471036  <S^2> = 0  2S+1 = 1
converged SCF energy = -1.12776196732229  <S^2> = 0  2S+1 = 1
converged SCF energy = -1.12114976414356  <S^2> = 4.4408921e-16  2S+1 = 1
converged SCF energy = -1.07096995765312  <S^2> = -4.4408921e-16  2S+1 = 1
converged SCF energy = -1.09421174583871  <S^2> = -4.4408921e-16  2S+1 = 1
converged SCF energy = -0.993273040080511  <S^2> = 6.6613381e-16  2S+1 = 1
converged SCF energy = -1.11038142981631  <S^2> = 6.6613381e-16  2S+1 = 1
converged SCF energy = -0.558886198842945  <S^2> = 8.8817842e-16  2S+1 = 1
converged SCF energy = -0.31691147384565  <S^2> = -8.8817842e-16  2S+1 = 1
converged SCF energy = -1.0383778991836  <S^2> = -4.4408921e-16  2S+1 = 1
converged SCF energy = 0.0446279548802271  <S^2> = 4.4408921e-16  2S+1 = 1
converged SCF energy = -0.726595042005846  <S^2> = 0  2S+1 = 1
converged SCF energy = -0.931172383785874  <S^2> = 0  2S+1 = 1
converged SCF energy = -0.845552356373141  <S^2> = 0  2S+1 = 1
converged SCF energy = -1.07667375072814  <S^2> = 6.6613381e-16  2S+1 = 1
converged SCF energy = -1.05655892047524  <S^2> = 0  2S+1 = 1
converged SCF energy = -1.04999036406394  <S^2> = 2.220446e-16  2S+1 = 1
converged SCF energy = -1.04352672043027  <S^2> = 0  2S+1 = 1
converged SCF energy = -1.03097348738542  <S^2> = 0  2S+1 = 1
converged SCF energy = -1.03718362831662  <S^2> = -4.4408921e-16  2S+1 = 1
converged SCF energy = -1.02490600974521  <S^2> = -4.4408921e-16  2S+1 = 1
converged SCF energy = -1.06992780686946  <S^2> = 2.220446e-16  2S+1 = 1
converged SCF energy = -1.06321283621321  <S^2> = -4.4408921e-16  2S+1 = 1
converged SCF energy = -1.0076252056368  <S^2> = 4.4408921e-16  2S+1 = 1
converged SCF energy = -1.01898866724948  <S^2> = 0  2S+1 = 1
converged SCF energy = -1.01322705567185  <S^2> = -1.3322676e-15  2S+1 = 1
converged SCF energy = -0.996910597448864  <S^2> = 0  2S+1 = 1
converged SCF energy = -0.972992839892879  <S^2> = 0  2S+1 = 1
converged SCF energy = -0.982072249997977  <S^2> = 0  2S+1 = 1
converged SCF energy = -0.986854318908774  <S^2> = 0  2S+1 = 1
converged SCF energy = -1.00218584435008  <S^2> = 4.4408921e-16  2S+1 = 1
converged SCF energy = -0.99180014081831  <S^2> = 4.4408921e-16  2S+1 = 1
converged SCF energy = -0.977452432232012  <S^2> = 8.8817842e-16  2S+1 = 1
converged SCF energy = -0.964544057932137  <S^2> = 0  2S+1 = 1
converged SCF energy = -0.94943864737042  <S^2> = 4.4408921e-16  2S+1 = 1
converged SCF energy = -0.968690999422713  <S^2> = 0  2S+1 = 1
converged SCF energy = -0.960548853744256  <S^2> = 0  2S+1 = 1
converged SCF energy = -0.952999830195496  <S^2> = -4.4408921e-16  2S+1 = 1
converged SCF energy = -0.956701979421986  <S^2> = 2.220446e-16  2S+1 = 1

Initial UKS PES
Potential Energy Surface
[ 0.04462795 -0.31691147 -0.5588862  -0.72659504 -0.84555236 -0.93117238
 -0.99327304 -1.0383779  -1.07096996 -1.09421175 -1.11038143 -1.12114976
 -1.12776197 -1.13115975 -1.13206433 -1.13103374 -1.12850317 -1.12481405
 -1.12023543 -1.11498017 -1.10921727 -1.10308147 -1.0966806  -1.09010132
 -1.08341353 -1.07667375 -1.06992781 -1.06321284 -1.05655892 -1.04999036
 -1.04352672 -1.03718363 -1.03097349 -1.02490601 -1.01898867 -1.01322706
 -1.00762521 -1.00218584 -0.9969106  -0.99180014 -0.98685432 -0.98207225
 -0.97745243 -0.97299284 -0.968691   -0.96454406 -0.96054885 -0.95670198
 -0.95299983 -0.94943865]
Contribution from Core Hamiltonian
[-3.45720733 -3.37207991 -3.28626572 -3.20134211 -3.11839171 -3.03807977
 -2.96077954 -2.88668495 -2.81587781 -2.74836208 -2.68408499 -2.62295453
 -2.56485409 -2.50965354 -2.45721623 -2.40740307 -2.36007476 -2.31509319
 -2.27232262 -2.23163074 -2.19288967 -2.15597693 -2.12077602 -2.0871769
 -2.05507618 -2.02437714 -1.99498963 -1.96682995 -1.93982064 -1.91389024
 -1.88897308 -1.86500899 -1.84194305 -1.81972519 -1.79830993 -1.77765598
 -1.75772587 -1.73848558 -1.7199042  -1.70195355 -1.68460786 -1.66784347
 -1.65163854 -1.63597281 -1.62082739 -1.60618457 -1.59202764 -1.57834074
 -1.56510877 -1.55231727]
########  Contribution from Two-Electron Integrals  ########
[0.9222774  0.89874694 0.87483857 0.85101996 0.82761676 0.80482886
 0.78277168 0.76151431 0.74109995 0.72155327 0.70288311 0.68508504
 0.66814417 0.65203789 0.63673775 0.62221099 0.60842147 0.59533061
 0.58289816 0.57108298 0.5598438  0.54913977 0.53893105 0.52917914
 0.51984719 0.51090025 0.50230548 0.49403228 0.48605244 0.47834023
 0.47087249 0.46362857 0.45659037 0.4497422  0.44307062 0.43656436
 0.43021406 0.42401206 0.41795221 0.41202964 0.4062406  0.40058228
 0.39505261 0.38965011 0.38437375 0.37922284 0.37419685 0.36929542
 0.36451816 0.35986469]
########  Contribution from nuclear repulsion  ########
[2.57955788 2.1564215  1.85254095 1.62372711 1.44522259 1.30207852
 1.18473482 1.08679274 1.0038079  0.93259706 0.87082045 0.81671972
 0.76894794 0.7264559  0.68841415 0.65415835 0.62315012 0.59494853
 0.56918904 0.54556759 0.52382861 0.50375568 0.48516436 0.46789644
 0.45181547 0.43680313 0.42275634 0.40958483 0.39720928 0.38555964
 0.37457387 0.36419679 0.35437918 0.34507698 0.33625065 0.32786456
 0.3198866  0.31228767 0.3050414  0.29812377 0.29151295 0.28518894
 0.2791335  0.27332986 0.26776264 0.26241768 0.25728193 0.25234334
 0.24759078 0.24301393]
Nuclear Kinetic Energy
(0.004092476569841107+0j)
Nuclear Potential Energy
(-1.1279101719086386+0j)
Total Energy
-1.1238176953387977
Nuclear gradient at grid points
[0. 0. 0. 0. 0. 0. 0. 0. 0. 0. 0. 0. 0. 0. 0. 0. 0. 0. 0. 0. 0. 0. 0. 0.
 0. 0. 0. 0. 0. 0. 0. 0. 0. 0. 0. 0. 0. 0. 0. 0. 0. 0. 0. 0. 0. 0. 0. 0.
 0. 0.]
Harmonic fundamental frequency [cm-1]
3651.9300690769605
Anharmonic fundamental frequency [cm-1]
3486.3472546534917
Nuclear gradient at grid points
[0.+0.j 0.+0.j 0.+0.j 0.+0.j 0.+0.j 0.+0.j 0.+0.j 0.+0.j 0.+0.j 0.+0.j
 0.+0.j 0.+0.j 0.+0.j 0.+0.j 0.+0.j 0.+0.j 0.+0.j 0.+0.j 0.+0.j 0.+0.j
 0.+0.j 0.+0.j 0.+0.j 0.+0.j 0.+0.j 0.+0.j 0.+0.j 0.+0.j 0.+0.j 0.+0.j
 0.+0.j 0.+0.j 0.+0.j 0.+0.j 0.+0.j 0.+0.j 0.+0.j 0.+0.j 0.+0.j 0.+0.j
 0.+0.j 0.+0.j 0.+0.j 0.-0.j 0.+0.j 0.-0.j 0.+0.j 0.-0.j 0.+0.j 0.+0.j]
Nuclear wavefunction
[ 2.07074231e-09+0.j  9.16939267e-08+0.j  2.21537895e-06+0.j
  3.23403247e-05+0.j  3.10241883e-04+0.j  2.08261849e-03+0.j
  1.02729364e-02+0.j  3.87150308e-02+0.j  1.15063823e-01+0.j
  2.76862458e-01+0.j  5.51320977e-01+0.j  9.25677215e-01+0.j
  1.33159629e+00+0.j  1.66399761e+00+0.j  1.82828476e+00+0.j
  1.78506595e+00+0.j  1.56335432e+00+0.j  1.23843081e+00+0.j
  8.93974991e-01+0.j  5.91983361e-01+0.j  3.61762379e-01+0.j
  2.05122180e-01+0.j  1.08443043e-01+0.j  5.36935489e-02+0.j
  2.49997862e-02+0.j  1.09864658e-02+0.j  4.57266964e-03+0.j
  1.80816446e-03+0.j  6.81279095e-04+0.j  2.45245434e-04+0.j
  8.45576967e-05+0.j  2.79892535e-05+0.j  8.91387095e-06+0.j
  2.73677893e-06+0.j  8.11721077e-07+0.j  2.32869370e-07+0.j
  6.48469229e-08+0.j  1.74393126e-08+0.j  4.64925564e-09+0.j
  1.11858642e-09+0.j  3.47852414e-10+0.j  1.61632370e-11+0.j
  7.17861332e-11+0.j -5.08291988e-11+0.j  5.57815732e-11+0.j
 -5.45331327e-11+0.j  5.68168701e-11+0.j -5.08682096e-11+0.j
  8.74602525e-11+0.j  4.28705246e-11+0.j]

******** Entering NECSCF Cycle *********
Initial Nuclear Data w/ non-zero vector potential
Nuclear Kinetic Energy
(0.004092586793962588+1.1420462720220175e-19j)
Nuclear Potential Energy
(-1.1279101719086386+0j)
Total Energy
-1.1238178055629189
Nuclear gradient at grid points
[ 6.91186985e-38 -3.40305860e-22  1.16765735e-21 -7.80961126e-21
  9.59358430e-21  1.09813774e-21  3.62731689e-21  3.64094468e-21
  1.96736274e-21  7.82402986e-21  1.47163767e-20 -1.18342246e-20
 -1.55210833e-20  9.22474398e-22  1.66557577e-20  1.17742420e-21
 -1.95785312e-21  3.50748975e-20  2.02774780e-20 -2.49769734e-20
 -1.65068710e-20  8.85992603e-21 -3.43300005e-20 -4.83571043e-20
  5.58020962e-20  9.14491074e-21 -3.19806044e-21 -3.26396484e-20
  5.47568956e-20  6.20368490e-20  4.40199026e-20 -8.64288814e-21
 -2.00635056e-20 -3.86820637e-20 -4.16725628e-20 -5.17844670e-20
  6.23134779e-20  5.84185397e-20 -1.22124148e-19 -2.81741210e-19
 -4.07399169e-19  2.25705071e-16 -5.78063177e-20 -1.59084317e-19
 -2.88108461e-20  4.17345579e-20  2.59967021e-19  4.62060408e-20
 -2.19384084e-19 -1.02226792e-18]
Harmonic fundamental frequency [cm-1]
3651.9300690757586
Anharmonic fundamental frequency [cm-1]
3486.347254653394
NECSCF Potential Energy Surface
[ 0.04462795 -0.31691147 -0.5588862  -0.72659504 -0.84555236 -0.93117238
 -0.99327304 -1.0383779  -1.07096996 -1.09421175 -1.11038143 -1.12114976
 -1.12776197 -1.13115975 -1.13206433 -1.13103374 -1.12850317 -1.12481405
 -1.12023543 -1.11498017 -1.10921727 -1.10308147 -1.0966806  -1.09010132
 -1.08341353 -1.07667375 -1.06992781 -1.06321284 -1.05655892 -1.04999036
 -1.04352672 -1.03718363 -1.03097349 -1.02490601 -1.01898867 -1.01322706
 -1.00762521 -1.00218584 -0.9969106  -0.99180014 -0.98685432 -0.98207225
 -0.97745243 -0.97299284 -0.968691   -0.96454406 -0.96054885 -0.95670198
 -0.95299983 -0.94943865]
Number of micro iterations at each grid point:
[1 1 1 1 1 1 1 1 1 1 1 1 1 1 1 1 1 1 1 1 1 1 1 1 1 1 1 1 1 1 1 1 1 1 1 1 1
 1 1 1 1 1 1 1 1 1 1 1 1 1]
Nuclear Kinetic Energy
(0.004092476569626286+0j)
Nuclear Potential Energy
(-1.127910171905048+3.3309385329098346e-21j)
Total Energy
-1.1238176953354218
Nuclear gradient at grid points
[0. 0. 0. 0. 0. 0. 0. 0. 0. 0. 0. 0. 0. 0. 0. 0. 0. 0. 0. 0. 0. 0. 0. 0.
 0. 0. 0. 0. 0. 0. 0. 0. 0. 0. 0. 0. 0. 0. 0. 0. 0. 0. 0. 0. 0. 0. 0. 0.
 0. 0.]
Harmonic fundamental frequency [cm-1]
3651.9300699229493
Anharmonic fundamental frequency [cm-1]
3486.347254597692


Iteration 0 


Nuclear Kinetic Energy
(0.004092476569626286+0j)
Nuclear Potential Energy
(-1.127910171905048+3.3309385329098346e-21j)
Nuclear gradient at grid points
[0. 0. 0. 0. 0. 0. 0. 0. 0. 0. 0. 0. 0. 0. 0. 0. 0. 0. 0. 0. 0. 0. 0. 0.
 0. 0. 0. 0. 0. 0. 0. 0. 0. 0. 0. 0. 0. 0. 0. 0. 0. 0. 0. 0. 0. 0. 0. 0.
 0. 0.]
Harmonic fundamental frequency [cm-1]
3651.9300699229493
Anharmonic fundamental frequency [cm-1]
3486.347254597692
Potential Energy Surface
[ 0.04462795 -0.31691147 -0.5588862  -0.72659504 -0.84555236 -0.93117238
 -0.99327304 -1.0383779  -1.07096996 -1.09421175 -1.11038143 -1.12114976
 -1.12776197 -1.13115975 -1.13206433 -1.13103374 -1.12850317 -1.12481405
 -1.12023543 -1.11498017 -1.10921727 -1.10308147 -1.0966806  -1.09010132
 -1.08341353 -1.07667375 -1.06992781 -1.06321284 -1.05655892 -1.04999036
 -1.04352672 -1.03718363 -1.03097349 -1.02490601 -1.01898867 -1.01322706
 -1.00762521 -1.00218584 -0.9969106  -0.99180014 -0.98685432 -0.98207225
 -0.97745243 -0.97299284 -0.968691   -0.96454406 -0.96054885 -0.95670198
 -0.95299983 -0.94943865]
Number of micro iterations at each grid point:
[1 1 1 1 1 1 1 1 1 1 1 1 1 1 1 1 1 1 1 1 1 1 1 1 1 1 1 1 1 1 1 1 1 1 1 1 1
 1 1 1 1 1 1 1 1 1 1 1 1 1]
Nuclear Kinetic Energy
(0.0040924765696262015+0j)
Nuclear Potential Energy
(-1.1279101719050477+0j)
Nuclear gradient at grid points
[0. 0. 0. 0. 0. 0. 0. 0. 0. 0. 0. 0. 0. 0. 0. 0. 0. 0. 0. 0. 0. 0. 0. 0.
 0. 0. 0. 0. 0. 0. 0. 0. 0. 0. 0. 0. 0. 0. 0. 0. 0. 0. 0. 0. 0. 0. 0. 0.
 0. 0.]
Harmonic fundamental frequency [cm-1]
3651.9300699223904
Anharmonic fundamental frequency [cm-1]
3486.3472545975947
RMS electronic energy change at all grid points: 
 0.000000000000003
RMS density matrix change at all grid points: 
 0.000000048442776, 0.000000048440176
Total energy change: 
 0.000000000000001+0.000000000000000j

******************* NECSCF Results Summary *******************
NECSCF convergence is True
Final Potential Energy Surface
[ 0.04462795 -0.31691147 -0.5588862  -0.72659504 -0.84555236 -0.93117238
 -0.99327304 -1.0383779  -1.07096996 -1.09421175 -1.11038143 -1.12114976
 -1.12776197 -1.13115975 -1.13206433 -1.13103374 -1.12850317 -1.12481405
 -1.12023543 -1.11498017 -1.10921727 -1.10308147 -1.0966806  -1.09010132
 -1.08341353 -1.07667375 -1.06992781 -1.06321284 -1.05655892 -1.04999036
 -1.04352672 -1.03718363 -1.03097349 -1.02490601 -1.01898867 -1.01322706
 -1.00762521 -1.00218584 -0.9969106  -0.99180014 -0.98685432 -0.98207225
 -0.97745243 -0.97299284 -0.968691   -0.96454406 -0.96054885 -0.95670198
 -0.95299983 -0.94943865]
Contribution from Core Hamiltonian
[-3.45720732 -3.37207991 -3.28626571 -3.20134211 -3.11839171 -3.03807976
 -2.96077954 -2.88668495 -2.81587781 -2.74836208 -2.68408499 -2.62295452
 -2.56485408 -2.50965354 -2.45721624 -2.40740308 -2.36007476 -2.3150932
 -2.27232263 -2.23163074 -2.19288968 -2.15597693 -2.12077602 -2.0871769
 -2.05507618 -2.02437714 -1.99498963 -1.96682995 -1.93982064 -1.91389024
 -1.88897308 -1.86500899 -1.84194305 -1.81972519 -1.79830993 -1.77765598
 -1.75772587 -1.73848558 -1.7199042  -1.70195355 -1.68460786 -1.66784347
 -1.65163854 -1.63597281 -1.62082739 -1.60618457 -1.59202764 -1.57834074
 -1.56510877 -1.55231727]
########  Contribution from Two-Electron Integrals  ########
[0.9222774  0.89874693 0.87483856 0.85101996 0.82761676 0.80482886
 0.78277168 0.76151431 0.74109995 0.72155327 0.70288311 0.68508503
 0.66814417 0.65203788 0.63673775 0.62221099 0.60842148 0.59533061
 0.58289816 0.57108298 0.5598438  0.54913977 0.53893106 0.52917914
 0.51984719 0.51090025 0.50230548 0.49403228 0.48605244 0.47834023
 0.47087249 0.46362857 0.45659038 0.4497422  0.44307062 0.43656436
 0.43021406 0.42401206 0.41795221 0.41202964 0.4062406  0.40058228
 0.39505261 0.38965011 0.38437375 0.37922284 0.37419686 0.36929542
 0.36451816 0.35986469]
########  Contribution from nucleus-electron coupling  ########
[0. 0. 0. 0. 0. 0. 0. 0. 0. 0. 0. 0. 0. 0. 0. 0. 0. 0. 0. 0. 0. 0. 0. 0.
 0. 0. 0. 0. 0. 0. 0. 0. 0. 0. 0. 0. 0. 0. 0. 0. 0. 0. 0. 0. 0. 0. 0. 0.
 0. 0.]
########  Contribution from nuclear repulsion  ########
[2.57955788 2.1564215  1.85254095 1.62372711 1.44522259 1.30207852
 1.18473482 1.08679274 1.0038079  0.93259706 0.87082045 0.81671972
 0.76894794 0.7264559  0.68841415 0.65415835 0.62315012 0.59494853
 0.56918904 0.54556759 0.52382861 0.50375568 0.48516436 0.46789644
 0.45181547 0.43680313 0.42275634 0.40958483 0.39720928 0.38555964
 0.37457387 0.36419679 0.35437918 0.34507698 0.33625065 0.32786456
 0.3198866  0.31228767 0.3050414  0.29812377 0.29151295 0.28518894
 0.2791335  0.27332986 0.26776264 0.26241768 0.25728193 0.25234334
 0.24759078 0.24301393]

Nuc wfn
2.0706791240264132e-09
Total Energy of the System
-1.123817695335421
Evec potential: 0j
Evec potential: 0j
Evec potential: 0j
Evec potential: 0j
Evec potential: 0j
Evec potential: 0j
Evec potential: 0j
Evec potential: 0j
Evec potential: 0j
Evec potential: 0j
Evec potential: 0j
Evec potential: 0j
Evec potential: 0j
Evec potential: 0j
Evec potential: 0j
Evec potential: 0j
Evec potential: 0j
Evec potential: 0j
Evec potential: 0j
Evec potential: 0j
Evec potential: 0j
Evec potential: 0j
Evec potential: 0j
Evec potential: 0j
Evec potential: 0j
Evec potential: 0j
Evec potential: 0j
Evec potential: 0j
Evec potential: 0j
Evec potential: 0j
Evec potential: 0j
Evec potential: 0j
Evec potential: 0j
Evec potential: 0j
Evec potential: 0j
Evec potential: 0j
Evec potential: 0j
Evec potential: 0j
Evec potential: 0j
Evec potential: 0j
Evec potential: 0j
Evec potential: 0j
Evec potential: 0j
Evec potential: 0j
Evec potential: 0j
Evec potential: 0j
Evec potential: 0j
Evec potential: 0j
Evec potential: 0j
Evec potential: 0j
Evec potential: 0j
Evec potential: 0j
Evec potential: 0j
Evec potential: 0j
Evec potential: 0j
Evec potential: 0j
Evec potential: 0j
Evec potential: 0j
Evec potential: 0j
Evec potential: 0j
Evec potential: 0j
Evec potential: 0j
Evec potential: 0j
Evec potential: 0j
Evec potential: 0j
Evec potential: 0j
Evec potential: 0j
Evec potential: 0j
Evec potential: 0j
Evec potential: 0j
Evec potential: 0j
Evec potential: 0j
Evec potential: 0j
Evec potential: 0j
Evec potential: 0j
Evec potential: 0j
Evec potential: 0j
Evec potential: 0j
Evec potential: 0j
Evec potential: 0j
Evec potential: 0j
Evec potential: 0j
Evec potential: 0j
Evec potential: 0j
Evec potential: 0j
Evec potential: 0j
Evec potential: 0j
Evec potential: 0j
Evec potential: 0j
Evec potential: 0j
Evec potential: 0j
Evec potential: 0j
Evec potential: 0j
Evec potential: 0j
Evec potential: 0j
Evec potential: 0j
Evec potential: 0j
Evec potential: 0j
Evec potential: 0j
Evec potential: 0j
Evec potential: 0j
Evec potential: 0j
Evec potential: 0j
Evec potential: 0j
Evec potential: 0j
Evec potential: 0j
Evec potential: 0j
Evec potential: 0j
Evec potential: 0j
Evec potential: 0j
Evec potential: 0j
Evec potential: 0j
Evec potential: 0j
Evec potential: 0j
Evec potential: 0j
Evec potential: 0j
Evec potential: 0j
Evec potential: 0j
Evec potential: 0j
Evec potential: 0j
Evec potential: 0j
Evec potential: 0j
Evec potential: 0j
Evec potential: 0j
Evec potential: 0j
Evec potential: 0j
Evec potential: 0j
Evec potential: 0j
Evec potential: 0j
Evec potential: 0j
Evec potential: 0j
Evec potential: 0j
Evec potential: 0j
Evec potential: 0j
Evec potential: 0j
Evec potential: 0j
Evec potential: 0j
Evec potential: 0j
Evec potential: 0j
Evec potential: 0j
Evec potential: 0j
Evec potential: 0j
Evec potential: 0j
Evec potential: 0j
Evec potential: 0j
Evec potential: 0j
Evec potential: 0j
Evec potential: 0j
Evec potential: 0j
Evec potential: 0j
Evec potential: 0j
Evec potential: 0j
Evec potential: 0j
Evec potential: 0j
Evec potential: 0j
Evec potential: 0j
Evec potential: 0j
Evec potential: 0j
Evec potential: 0j
Evec potential: 0j
Evec potential: 0j
Evec potential: 0j
Evec potential: 0j
Evec potential: 0j
Evec potential: 0j
Evec potential: 0j
Evec potential: 0j
Evec potential: 0j
Evec potential: 0j
Evec potential: 0j
Evec potential: 0j
Evec potential: 0j
Evec potential: 0j
Evec potential: 0j
Evec potential: 0j
Evec potential: 0j
Evec potential: 0j
Evec potential: 0j
Evec potential: 0j
Evec potential: 0j
Evec potential: 0j
Evec potential: 0j
Evec potential: 0j
Evec potential: 0j
Evec potential: 0j
Evec potential: 0j
Evec potential: 0j
Evec potential: 0j
Evec potential: 0j
Evec potential: 0j
Evec potential: 0j
Evec potential: 0j
