
Nucleus-Electron Coupled Self-Consistent Field method for treating nonadiabatic electron-nuclei coupling effects

Initial Guess with UKS solutions
converged SCF energy = -1.13135853594315  <S^2> = -4.4408921e-16  2S+1 = 1
converged SCF energy = -1.13265402981905  <S^2> = 1.110223e-15  2S+1 = 1
converged SCF energy = -1.13148305114366  <S^2> = 1.3322676e-15  2S+1 = 1
converged SCF energy = -1.11532103358196  <S^2> = 2.220446e-16  2S+1 = 1
converged SCF energy = -1.13278409039994  <S^2> = -4.4408921e-16  2S+1 = 1
converged SCF energy = -1.12842463410949  <S^2> = -4.4408921e-16  2S+1 = 1
converged SCF energy = -1.1224748795537  <S^2> = 0  2S+1 = 1
converged SCF energy = -1.12320510858071  <S^2> = -1.3322676e-15  2S+1 = 1
converged SCF energy = -1.12911545859953  <S^2> = 2.220446e-16  2S+1 = 1
converged SCF energy = -1.12610454087234  <S^2> = -4.4408921e-16  2S+1 = 1

Initial UKS PES
Potential Energy Surface
[-1.11532103 -1.12320511 -1.12842463 -1.13148305 -1.13278409 -1.13265403
 -1.13135854 -1.12911546 -1.12610454 -1.12247488]
Contribution from Core Hamiltonian
[-2.63677901 -2.58910712 -2.54320552 -2.49902434 -2.45650682 -2.4155923
 -2.37621854 -2.33832337 -2.30184565 -2.26672597]
########  Contribution from Two-Electron Integrals  ########
[0.6865592  0.67296858 0.659796   0.64703853 0.6346899  0.62274135
 0.61118239 0.60000136 0.5891859  0.57872316]
########  Contribution from nuclear repulsion  ########
[0.83489877 0.79293343 0.75498489 0.72050275 0.68903283 0.66019692
 0.63367762 0.60920654 0.58655522 0.56552793]
Nuclear eigenvalues: [-1.12787725 -1.08834665 -1.08565631 -0.96732975 -0.96621229 -0.76673908
 -0.76566784 -0.4864922  -0.48421786  0.87865561]
Normalised Nuclear eigenvector: [ 0.00746741+0.j -1.15447802+0.j -1.92170303+0.j -1.95645689+0.j
 -1.19322133+0.j  0.07060245+0.j  1.30656406+0.j  2.01241192+0.j
  1.94022972+0.j  1.16763972+0.j]
Nuclear Kinetic Energy
(0.044592627709480484+0j)
Nuclear Potential Energy
(-1.1285161803558577+0j)
Total Energy
-1.0883466460116924
Nuclear gradient at grid points
[ 28.19703809  28.0007212    1.46527358  -1.61612531 -22.94604271
 344.89015088  20.1353678    0.99310392  -1.6355324  -27.75002716]
Harmonic fundamental frequency [cm-1]
126352.97076165777
Anharmonic fundamental frequency [cm-1]
8675.974136331439

******** Entering NECSCF Cycle *********
Introducing vector potential: [0.+1.e-06j 0.+1.e-06j 0.+1.e-06j 0.+1.e-06j 0.+1.e-06j 0.+1.e-06j
 0.+1.e-06j 0.+1.e-06j 0.+1.e-06j 0.+1.e-06j]
Nuclear eigenvalues: [-1.12787725 -1.0883467  -1.08565626 -0.96733025 -0.96621179 -0.76674017
 -0.76566675 -0.48649294 -0.48421712  0.87865561]
Normalised Nuclear eigenvector: [-0.01200107-7.51899865e-20j  0.71211818+9.08704877e-01j
  1.19281608+1.50667660e+00j  1.21891213+1.53032866e+00j
  0.74775682+9.29867937e-01j -0.03726187-6.05707174e-02j
 -0.80795945-1.02680097e+00j -1.2510059 -1.57629630e+00j
 -1.21047769-1.51630387e+00j -0.73291751-9.08984206e-01j]
Initial Nuclear Data w/ non-zero vector potential
Nuclear Kinetic Energy
(0.044594703603185314-2.4363653803136374e-18j)
Nuclear Potential Energy
(-1.1285161188049828+8.392069794638247e-17j)
Total Energy
-1.0883466986303503
Nuclear gradient at grid points
[ 28.19916912  27.99827583   1.46524115  -1.61602893 -22.94525111
 340.03665769  20.13430557   0.99308919  -1.63527548 -27.7500292 ]
Harmonic fundamental frequency [cm-1]
126352.148308544
Anharmonic fundamental frequency [cm-1]
8675.962651871243
