
Nucleus-Electron Coupled Self-Consistent Field method for treating nonadiabatic electron-nuclei coupling effects

Initial Guess with UKS solutions
converged SCF energy = -1.1320665282799  <S^2> = 0  2S+1 = 1
converged SCF energy = -1.13187232635545  <S^2> = 2.220446e-16  2S+1 = 1
converged SCF energy = -1.13149307611575  <S^2> = 1.3322676e-15  2S+1 = 1
converged SCF energy = -1.13123946780217  <S^2> = -4.4408921e-16  2S+1 = 1
converged SCF energy = -1.13132083264866  <S^2> = 0  2S+1 = 1
converged SCF energy = -1.13112430467151  <S^2> = 8.8817842e-16  2S+1 = 1
converged SCF energy = -1.13164164207368  <S^2> = -4.4408921e-16  2S+1 = 1
converged SCF energy = -1.13206793596783  <S^2> = -8.8817842e-16  2S+1 = 1
converged SCF energy = -1.13195111901804  <S^2> = -8.8817842e-16  2S+1 = 1
converged SCF energy = -1.1320457850939  <S^2> = 2.220446e-16  2S+1 = 1
converged SCF energy = -1.13194821746342  <S^2> = -8.8817842e-16  2S+1 = 1
converged SCF energy = -1.13204951174111  <S^2> = 2.220446e-16  2S+1 = 1
converged SCF energy = -1.13154158886202  <S^2> = 4.4408921e-16  2S+1 = 1
converged SCF energy = -1.13187009375507  <S^2> = -4.4408921e-16  2S+1 = 1
converged SCF energy = -1.13177896709789  <S^2> = 2.220446e-16  2S+1 = 1
converged SCF energy = -1.13201074668214  <S^2> = 0  2S+1 = 1
converged SCF energy = -1.13166857852465  <S^2> = 8.8817842e-16  2S+1 = 1
converged SCF energy = -1.13106514228691  <S^2> = 4.4408921e-16  2S+1 = 1
converged SCF energy = -1.13176712230133  <S^2> = -8.8817842e-16  2S+1 = 1
converged SCF energy = -1.13139841600798  <S^2> = 4.4408921e-16  2S+1 = 1
converged SCF energy = -1.13200619069128  <S^2> = 4.4408921e-16  2S+1 = 1
converged SCF energy = -1.13065588839609  <S^2> = -8.8817842e-16  2S+1 = 1
converged SCF energy = -1.13008264958232  <S^2> = 4.4408921e-16  2S+1 = 1
converged SCF energy = -1.13090286952279  <S^2> = 8.8817842e-16  2S+1 = 1
converged SCF energy = -1.13038270591256  <S^2> = 0  2S+1 = 1
converged SCF energy = -1.13022169901938  <S^2> = -8.8817842e-16  2S+1 = 1
converged SCF energy = -1.13067190401971  <S^2> = 8.8817842e-16  2S+1 = 1
converged SCF energy = -1.12997613196725  <S^2> = -8.8817842e-16  2S+1 = 1
converged SCF energy = -1.13045374060234  <S^2> = 4.4408921e-16  2S+1 = 1
converged SCF energy = -1.13087582796001  <S^2> = 4.4408921e-16  2S+1 = 1

Initial UKS PES
Potential Energy Surface
[-1.13008265 -1.13038271 -1.13065589 -1.13090287 -1.1311243  -1.13132083
 -1.13149308 -1.13164164 -1.13176712 -1.13187009 -1.13195112 -1.13201075
 -1.13204951 -1.13206794 -1.13206653 -1.13204579 -1.13200619 -1.13194822
 -1.13187233 -1.13177897 -1.13166858 -1.13154159 -1.13139842 -1.13123947
 -1.13106514 -1.13087583 -1.1306719  -1.13045374 -1.1302217  -1.12997613]
Contribution from Core Hamiltonian
[-2.53233639 -2.52685441 -2.5214005  -2.51597453 -2.51057635 -2.50520583
 -2.49986283 -2.49454721 -2.48925883 -2.48399756 -2.47876324 -2.47355575
 -2.46837495 -2.46322069 -2.45809283 -2.45299124 -2.44791578 -2.4428663
 -2.43784267 -2.43284475 -2.42787239 -2.42292546 -2.41800382 -2.41310733
 -2.40823585 -2.40338924 -2.39856737 -2.39377009 -2.38899726 -2.38424875]
########  Contribution from Two-Electron Integrals  ########
[0.65865682 0.65705719 0.65546573 0.6538824  0.65230717 0.65074001
 0.64918089 0.64762978 0.64608664 0.64455145 0.64302416 0.64150476
 0.6399932  0.63848945 0.63699348 0.63550525 0.63402473 0.63255188
 0.63108666 0.62962905 0.62817901 0.62673649 0.62530147 0.6238739
 0.62245375 0.62104098 0.61963555 0.61823743 0.61684658 0.61546295]
########  Contribution from nuclear repulsion  ########
[0.74359692 0.73941451 0.73527888 0.73118926 0.72714488 0.72314499
 0.71918887 0.71527579 0.71140507 0.70757602 0.70378796 0.70004025
 0.69633224 0.6926633  0.68903283 0.68544021 0.68188486 0.67836621
 0.67488368 0.67143673 0.6680248  0.66464738 0.66130394 0.65799397
 0.65471696 0.65147244 0.64825991 0.64507891 0.64192898 0.63880966]
Nuclear Kinetic Energy
(0.30179232559389546+0j)
Nuclear Potential Energy
(-1.1314495796044546+0j)
Total Energy
-0.8218926186365181
Nuclear gradient at grid points
[ 242.76564087   85.55118836   61.24090458   33.42392561   26.0169571
   12.20429093    7.19106498   -3.47218475   -8.77645631  -20.39795553
  -28.76543066  -47.88663435  -71.10848008 -145.19498886 -766.19341973
  231.75482199   91.64330729   58.24658479   34.8549153    25.16837035
   12.48360538    7.10727556   -3.81341404   -8.19136546  -21.60279293
  -26.72545508  -51.90163318  -61.80518775 -177.13793076 -242.76660156]
Harmonic fundamental frequency [cm-1]
1018604.3760234229
Anharmonic fundamental frequency [cm-1]
67915.85310082723
Nuclear gradient at grid points
[ 242.76564087-0.j   85.55118836-0.j   61.24090458-0.j   33.42392561-0.j
   26.0169571 -0.j   12.20429093-0.j    7.19106498-0.j   -3.47218475-0.j
   -8.77645631-0.j  -20.39795553-0.j  -28.76543066-0.j  -47.88663435-0.j
  -71.10848008-0.j -145.19498886-0.j -766.19341973-0.j  231.75482199+0.j
   91.64330729+0.j   58.24658479+0.j   34.8549153 +0.j   25.16837035+0.j
   12.48360538+0.j    7.10727556+0.j   -3.81341404+0.j   -8.19136546+0.j
  -21.60279293+0.j  -26.72545508+0.j  -51.90163318+0.j  -61.80518775+0.j
 -177.13793076+0.j -242.76660156+0.j]
Nuclear wavefunction
[-0.55357199-0.j -1.24449028+0.j -1.8812012 +0.j -2.43590138+0.j
 -2.88432629+0.j -3.20682307+0.j -3.38922417+0.j -3.42347957+0.j
 -3.30802102+0.j -3.04783957+0.j -2.65427409+0.j -2.14451815+0.j
 -1.54086835+0.j -0.8697459 +0.j -0.16053609+0.j  0.55570406+0.j
  1.24761122+0.j  1.88489517+0.j  2.43966919+0.j  2.88767437+0.j
  3.20934192+0.j  3.39064827+0.j  3.42372399+0.j  3.30719164+0.j
  3.04621662+0.j  2.65227116+0.j  2.14262101+0.j  1.53956002+0.j
  0.8694253 +0.j  0.16143893+0.j]

******** Entering NECSCF Cycle *********
Initial Nuclear Data w/ non-zero vector potential
Nuclear Kinetic Energy
(1.564666432114415+9.355643060404366e-17j)
Nuclear Potential Energy
(-1.131341014026576+5.0352418767829475e-18j)
Total Energy
-0.8253548044539676
Nuclear gradient at grid points
[ 2.42797427e+02 -1.01409271e+02  5.94499208e+01 -3.51968340e+01
  2.35743187e+01 -1.22352354e+01  5.99896501e+00 -1.56521425e-01
 -5.27449261e+00  7.58830665e+00 -1.29118669e+01  1.32460905e+01
 -1.73737683e+01  1.72197094e+01 -1.86079658e+01  1.88703117e+01
 -1.69488544e+01  1.74655141e+01 -1.31956310e+01  1.28513267e+01
 -7.84261300e+00  5.17128225e+00 -2.69250164e-01 -6.06580109e+00
  1.19100213e+01 -2.35940155e+01  3.52255567e+01 -5.94506965e+01
  1.01825118e+02 -2.42798233e+02]
Harmonic fundamental frequency [cm-1]
995584.938392842
Anharmonic fundamental frequency [cm-1]
67156.22037356059
NECSCF Potential Energy Surface
[-1.81313284 -1.22682719 -1.17824148 -1.15107325 -1.14085207 -1.13407276
 -1.13216391 -1.1316421  -1.13228505 -1.13293656 -1.13499048 -1.13520258
 -1.13744541 -1.13736735 -1.13821023 -1.13835095 -1.1371344  -1.13737768
 -1.13502442 -1.13477104 -1.13279877 -1.13203533 -1.13139976 -1.13191763
 -1.13364013 -1.14043679 -1.15036927 -1.17652937 -1.22449298 -0.67279793]
Number of micro iterations at each grid point:
[26 26 26 17 12 11  6  2  6  6 10 13 15 17 18 20 20 20 21 19 19 12  2 13
 26 26 26 26 26 26]
Nuclear Kinetic Energy
(2.636097201176437-2.338910765101092e-18j)
Nuclear Potential Energy
(-1.1706292177360302-0.05234695237366915j)
Total Energy
-0.8604820860184401
Nuclear gradient at grid points
[ 237.21039501 -109.36503593   54.41927675  -83.20942959   16.66931195
 -118.392407    -17.62849578 -403.79615155  244.78771791  218.7395262
   28.4651176    76.69635306    7.46950759   40.40824757   -6.04499978
   21.8439669   -19.60726993    8.80071792  -37.76455823   -2.86645171
  -71.1982202   -16.92293298 -181.52887048  -61.42845166  887.64968913
  -14.21457105  172.69041705  -60.4217503   162.92972422 -247.49540723]
Harmonic fundamental frequency [cm-1]
930212.6717947045
Anharmonic fundamental frequency [cm-1]
64863.790718421784

******************* NECSCF Results Summary *******************
NECSCF convergence is False
Final Potential Energy Surface
[-1.81313284 -1.22682719 -1.17824148 -1.15107325 -1.14085207 -1.13407276
 -1.13216391 -1.1316421  -1.13228505 -1.13293656 -1.13499048 -1.13520258
 -1.13744541 -1.13736735 -1.13821023 -1.13835095 -1.1371344  -1.13737768
 -1.13502442 -1.13477104 -1.13279877 -1.13203533 -1.13139976 -1.13191763
 -1.13364013 -1.14043679 -1.15036927 -1.17652937 -1.22449298 -0.67279793]
Contribution from Core Hamiltonian
[-2.60439794 -2.66094408 -2.58726219 -2.54395098 -2.52406746 -2.50902037
 -2.50079172 -2.49454784 -2.48997421 -2.48546865 -2.48294971 -2.47794671
 -2.47578717 -2.47049149 -2.46651095 -2.46161993 -2.45492607 -2.45027923
 -2.44214199 -2.43692096 -2.42941049 -2.42359664 -2.41800566 -2.414027
 -2.41172327 -2.41631631 -2.42514602 -2.45568879 -2.51426351 -1.77897309]
########  Contribution from Two-Electron Integrals  ########
[0.73493521 0.69940211 0.67619393 0.6626248  0.65650452 0.65192216
 0.64946787 0.64762997 0.64630645 0.64500227 0.64430413 0.64284362
 0.64224813 0.64069528 0.63954088 0.63810934 0.63613404 0.63477639
 0.63237256 0.6308448  0.62863625 0.62693543 0.62530201 0.62414498
 0.62347945 0.62484113 0.6274518  0.63652397 0.65412305 0.45718869]
########  Contribution from nucleus-electron coupling  ########
[-6.87267040e-01 -4.69973230e-03 -2.45210652e-03 -9.36327320e-04
 -4.34001148e-04 -1.19530376e-04 -2.89244179e-05 -1.97328874e-08
 -2.23626773e-05 -4.61954994e-05 -1.32855549e-04 -1.39736478e-04
 -2.38613160e-04 -2.34451036e-04 -2.72983474e-04 -2.80567373e-04
 -2.27227134e-04 -2.41045978e-04 -1.38665742e-04 -1.31606553e-04
 -4.93310425e-05 -2.14973158e-05 -5.84159336e-08 -2.95740828e-05
 -1.13276910e-04 -4.34046005e-04 -9.34962284e-04 -2.44346664e-03
 -6.28150495e-03  1.01768152e-02]
########  Contribution from nuclear repulsion  ########
[0.74359692 0.73941451 0.73527888 0.73118926 0.72714488 0.72314499
 0.71918887 0.71527579 0.71140507 0.70757602 0.70378796 0.70004025
 0.69633224 0.6926633  0.68903283 0.68544021 0.68188486 0.67836621
 0.67488368 0.67143673 0.6680248  0.66464738 0.66130394 0.65799397
 0.65471696 0.65147244 0.64825991 0.64507891 0.64192898 0.63880966]


Iteration 0 


Nuclear Kinetic Energy
(2.636097201176437-2.338910765101092e-18j)
Nuclear Potential Energy
(-1.1706292177360302-0.05234695237366915j)
Nuclear gradient at grid points
[ 237.21039501 -109.36503593   54.41927675  -83.20942959   16.66931195
 -118.392407    -17.62849578 -403.79615155  244.78771791  218.7395262
   28.4651176    76.69635306    7.46950759   40.40824757   -6.04499978
   21.8439669   -19.60726993    8.80071792  -37.76455823   -2.86645171
  -71.1982202   -16.92293298 -181.52887048  -61.42845166  887.64968913
  -14.21457105  172.69041705  -60.4217503   162.92972422 -247.49540723]
Harmonic fundamental frequency [cm-1]
930212.6717947045
Anharmonic fundamental frequency [cm-1]
64863.790718421784
Potential Energy Surface
[-0.8526594  -1.02304425 -1.17226294 -0.80913144 -1.13615567 -1.07131526
 -1.13708071 -2.15465119 -0.93571512 -0.86194078 -1.14561101 -1.19956503
 -1.13308015 -1.1572785  -1.13274232 -1.14036733 -1.13878386 -1.13336987
 -1.15421535 -1.13193115 -1.19182358 -1.13664151 -1.20055002 -1.17981276
 -0.68874626 -1.13451252 -1.07817507 -1.17765519 -1.08324106 -1.04794759]
Number of micro iterations at each grid point:
[26 26 22 26 10 26 10 26 26 26 15 26  7 21 10 18 20 13 26  6 26 25 26 26
 26 25 26 26 26 26]
Nuclear Kinetic Energy
(0.3111742181479672+2.338910765101092e-18j)
Nuclear Potential Energy
(-1.1677982733025423-0.8182078943004364j)
Nuclear gradient at grid points
[  243.86758357    92.67618162    62.69914693    38.84809811
    34.16419593    17.95490208    16.55788045    -8.69970506
   -30.01079332   -34.06089771   -47.28791555   -77.63941589
  -152.13131053 -1329.35186462   198.38010778    90.89632183
    53.47657793    36.66748461    22.8511397     14.89088007
     5.17636535    -1.57789132   -10.80001703   -19.94873626
   -27.87551484   -27.66864927   -52.07560486   -61.85092062
  -171.44523112  -240.6078073 ]
Harmonic fundamental frequency [cm-1]
812779.597795871
Anharmonic fundamental frequency [cm-1]
62096.221182517445
RMS electronic energy change at all grid points: 
 2.067665890325792
RMS density matrix change at all grid points: 
 14.753247135142464, 10.821241659288972
Total energy change: 
 0.011050215390148+0.000000000000000j


Iteration 1 


Nuclear Kinetic Energy
(0.3111742181479672+2.338910765101092e-18j)
Nuclear Potential Energy
(-1.1677982733025423-0.8182078943004364j)
Nuclear gradient at grid points
[  243.86758357    92.67618162    62.69914693    38.84809811
    34.16419593    17.95490208    16.55788045    -8.69970506
   -30.01079332   -34.06089771   -47.28791555   -77.63941589
  -152.13131053 -1329.35186462   198.38010778    90.89632183
    53.47657793    36.66748461    22.8511397     14.89088007
     5.17636535    -1.57789132   -10.80001703   -19.94873626
   -27.87551484   -27.66864927   -52.07560486   -61.85092062
  -171.44523112  -240.6078073 ]
Harmonic fundamental frequency [cm-1]
812779.597795871
Anharmonic fundamental frequency [cm-1]
62096.221182517445
