Molecular Geometries:
 [[[ 0.          0.         -1.135     ]
  [ 0.          0.         -0.30205575]
  [ 0.          0.          1.135     ]]

 [[ 0.          0.         -1.135     ]
  [ 0.          0.         -0.268494  ]
  [ 0.          0.          1.135     ]]

 [[ 0.          0.         -1.135     ]
  [ 0.          0.         -0.23493225]
  [ 0.          0.          1.135     ]]

 [[ 0.          0.         -1.135     ]
  [ 0.          0.         -0.2013705 ]
  [ 0.          0.          1.135     ]]

 [[ 0.          0.         -1.135     ]
  [ 0.          0.         -0.16780875]
  [ 0.          0.          1.135     ]]

 [[ 0.          0.         -1.135     ]
  [ 0.          0.         -0.134247  ]
  [ 0.          0.          1.135     ]]

 [[ 0.          0.         -1.135     ]
  [ 0.          0.         -0.10068525]
  [ 0.          0.          1.135     ]]

 [[ 0.          0.         -1.135     ]
  [ 0.          0.         -0.0671235 ]
  [ 0.          0.          1.135     ]]

 [[ 0.          0.         -1.135     ]
  [ 0.          0.         -0.03356175]
  [ 0.          0.          1.135     ]]

 [[ 0.          0.         -1.135     ]
  [ 0.          0.          0.        ]
  [ 0.          0.          1.135     ]]

 [[ 0.          0.         -1.135     ]
  [ 0.          0.          0.03356175]
  [ 0.          0.          1.135     ]]

 [[ 0.          0.         -1.135     ]
  [ 0.          0.          0.0671235 ]
  [ 0.          0.          1.135     ]]

 [[ 0.          0.         -1.135     ]
  [ 0.          0.          0.10068525]
  [ 0.          0.          1.135     ]]

 [[ 0.          0.         -1.135     ]
  [ 0.          0.          0.134247  ]
  [ 0.          0.          1.135     ]]

 [[ 0.          0.         -1.135     ]
  [ 0.          0.          0.16780875]
  [ 0.          0.          1.135     ]]

 [[ 0.          0.         -1.135     ]
  [ 0.          0.          0.2013705 ]
  [ 0.          0.          1.135     ]]

 [[ 0.          0.         -1.135     ]
  [ 0.          0.          0.23493225]
  [ 0.          0.          1.135     ]]

 [[ 0.          0.         -1.135     ]
  [ 0.          0.          0.268494  ]
  [ 0.          0.          1.135     ]]

 [[ 0.          0.         -1.135     ]
  [ 0.          0.          0.30205575]
  [ 0.          0.          1.135     ]]

 [[ 0.          0.         -1.135     ]
  [ 0.          0.          0.3356175 ]
  [ 0.          0.          1.135     ]]]

Nucleus-Electron Coupled Self-Consistent Field method for treating nonadiabatic electron-nuclei coupling effects

Initial Guess with UKS solutions
converged SCF energy = -199.022124733673  <S^2> = -3.5527137e-15  2S+1 = 1
converged SCF energy = -199.006670227392  <S^2> = 1.7763568e-15  2S+1 = 1
converged SCF energy = -198.975882661033  <S^2> = 1.7763568e-15  2S+1 = 1
converged SCF energy = -199.016131821792  <S^2> = 3.5527137e-15  2S+1 = 1
converged SCF energy = -198.989208900708  <S^2> = 3.5527137e-15  2S+1 = 1
converged SCF energy = -199.006670227392  <S^2> = -5.3290705e-15  2S+1 = 1
converged SCF energy = -199.020748613772  <S^2> = 7.1054274e-15  2S+1 = 1
converged SCF energy = -199.012160048995  <S^2> = 7.1054274e-15  2S+1 = 1
converged SCF energy = -198.999216181393  <S^2> = -3.5527137e-15  2S+1 = 1
converged SCF energy = -199.020748613771  <S^2> = -3.5527137e-15  2S+1 = 1
converged SCF energy = -199.012160048995  <S^2> = 1.0658141e-14  2S+1 = 1
converged SCF energy = -198.999216181393  <S^2> = 1.4210855e-14  2S+1 = 1
converged SCF energy = -199.01891585637  <S^2> = 0  2S+1 = 1
converged SCF energy = -199.01891585637  <S^2> = 3.5527137e-15  2S+1 = 1
converged SCF energy = -198.989208900709  <S^2> = 1.7763568e-15  2S+1 = 1
converged SCF energy = -199.021788080958  <S^2> = -1.7763568e-15  2S+1 = 1
converged SCF energy = -199.021788080958  <S^2> = -5.3290705e-15  2S+1 = 1
converged SCF energy = -198.958249295966  <S^2> = 0  2S+1 = 1
converged SCF energy = -198.975882661033  <S^2> = -3.5527137e-15  2S+1 = 1
converged SCF energy = -199.016131821791  <S^2> = -3.5527137e-15  2S+1 = 1

Initial UKS PES
Potential Energy Surface
[-198.97588266 -198.9892089  -198.99921618 -199.00667023 -199.01216005
 -199.01613182 -199.01891586 -199.02074861 -199.02178808 -199.02212473
 -199.02178808 -199.02074861 -199.01891586 -199.01613182 -199.01216005
 -199.00667023 -198.99921618 -198.9892089  -198.97588266 -198.9582493 ]
Contribution from Core Hamiltonian
[-342.58692066 -342.38109851 -342.20338639 -342.05229241 -341.92654315
 -341.82507621 -341.74703335 -341.69175442 -341.65877259 -341.64780916
 -341.65877259 -341.69175442 -341.74703335 -341.82507621 -341.92654315
 -342.05229241 -342.20338639 -342.38109851 -342.58692066 -342.8225705 ]
########  Contribution from Two-Electron Integrals  ########
[115.69658595 115.61964945 115.55374302 115.49809758 115.4520619
 115.41509868 115.38677949 115.36677841 115.35486758 115.35091189
 115.35486758 115.36677841 115.38677949 115.41509868 115.4520619
 115.49809758 115.55374302 115.61964945 115.69658595 115.78544395]
########  Contribution from nuclear repulsion  ########
[27.91445206 27.77224016 27.65042719 27.5475246  27.4623212  27.39384571
 27.341338   27.3042274  27.28211693 27.27477255 27.28211693 27.3042274
 27.341338   27.39384571 27.4623212  27.5475246  27.65042719 27.77224016
 27.91445206 28.07887726]
Nuclear eigenvalues: [-199.01703631 -199.00616983 -198.99482036 -198.98004731 -198.97140448
 -198.94515405 -198.94144435 -198.89824551 -198.8964769  -198.83821953
 -198.83699613 -198.76489804 -198.76375315 -198.678313   -198.67691094
 -198.57868681 -198.57628311 -198.46780642 -198.45810527 -197.66911728]
Normalised Nuclear eigenvector: [ 8.48774192e-02+0.j  2.05566331e-01+0.j  3.75638522e-01+0.j
  5.81743497e-01+0.j  7.81659973e-01+0.j  9.12320639e-01+0.j
  9.11007694e-01+0.j  7.42238573e-01+0.j  4.17950016e-01+0.j
 -2.21462296e-11+0.j -4.17950016e-01+0.j -7.42238573e-01+0.j
 -9.11007694e-01+0.j -9.12320639e-01+0.j -7.81659973e-01+0.j
 -5.81743497e-01+0.j -3.75638522e-01+0.j -2.05566331e-01+0.j
 -8.48774192e-02+0.j -2.72693730e-13+0.j]
Very large nuclear term found near node - Set to +/-10e5
Nuclear Kinetic Energy
(0.008975940638566505+0j)
Nuclear Potential Energy
(-199.01511102814504+0j)
Total Energy
-199.00616983084288
Nuclear gradient at grid points
[ 1.06108959e+01  4.39425152e+00  3.84991684e+00  2.45847638e+00
  1.66713511e+00  5.15672872e-01 -5.90293147e-01 -2.46189807e+00
 -6.40123429e+00  1.00000000e+06  6.40123429e+00  2.46189807e+00
  5.90293146e-01 -5.15672872e-01 -1.66713511e+00 -2.45847638e+00
 -3.84991684e+00 -4.39425152e+00 -1.06108959e+01 -6.23931204e+00]
Harmonic fundamental frequency [cm-1]
5411.097808013973
Anharmonic fundamental frequency [cm-1]
2384.9201413383594

******** Entering NECSCF Cycle *********
Introducing vector potential: [0.+1.e-06j 0.+1.e-06j 0.+1.e-06j 0.+1.e-06j 0.+1.e-06j 0.+1.e-06j
 0.+1.e-06j 0.+1.e-06j 0.+1.e-06j 0.+1.e-06j 0.+1.e-06j 0.+1.e-06j
 0.+1.e-06j 0.+1.e-06j 0.+1.e-06j 0.+1.e-06j 0.+1.e-06j 0.+1.e-06j
 0.+1.e-06j 0.+1.e-06j]
Nuclear eigenvalues: [-199.01703631 -199.00616983 -198.99482036 -198.98004732 -198.97140447
 -198.94515406 -198.94144434 -198.89824555 -198.89647686 -198.83821962
 -198.83699605 -198.76489817 -198.76375301 -198.67831315 -198.67691079
 -198.57868691 -198.57628301 -198.46780644 -198.45810525 -197.66911728]
Normalised Nuclear eigenvector: [ 8.48774373e-02+1.19941788e-22j  2.05566330e-01-6.10765940e-05j
  3.75638496e-01-1.51358444e-04j  5.81743434e-01-2.75521174e-04j
  7.81659861e-01-4.17886828e-04j  9.12320477e-01-5.40296206e-04j
  9.11007499e-01-5.91388032e-04j  7.42238385e-01-5.24734349e-04j
  4.17949890e-01-3.22564743e-04j -7.46889777e-09-9.23007310e-06j
 -4.17949868e-01+3.49651143e-04j -7.42238269e-01+6.69055672e-04j
 -9.11007272e-01+8.73844208e-04j -9.12320166e-01+9.27047714e-04j
 -7.81659522e-01+8.39307130e-04j -5.81743125e-01+6.60134257e-04j
 -3.75638254e-01+4.52805107e-04j -2.05566162e-01+2.69548927e-04j
 -8.48773279e-02+1.36513797e-04j  4.36692205e-08+5.22125194e-05j]
Initial Nuclear Data w/ non-zero vector potential
Nuclear Kinetic Energy
(0.008975940910987213-1.3366149916562318e-21j)
Nuclear Potential Energy
(-199.0151110280246+0j)
Total Energy
-199.00616983106568
Nuclear gradient at grid points
[ 10.61089586   4.39425073   3.84991685   2.4584763    1.66713512
   0.51567285  -0.59029315  -2.46189808  -6.40123429   7.95608026
   6.4012343    2.46189806   0.59029317  -0.51567288  -1.66713506
  -2.45847641  -3.84991658  -4.39425165 -10.61088877 -11.19754846]
Harmonic fundamental frequency [cm-1]
5411.095938567865
Anharmonic fundamental frequency [cm-1]
2384.9201321500045
NECSCF Potential Energy Surface
[-198.90354284 -198.98090425 -198.9941653  -199.00502407 -199.01154391
 -199.01608285 -199.01886101 -199.01990158 -199.01644387 -199.01399763
 -199.01631931 -199.01986253 -199.01885717 -199.01607822 -199.01147054
 -199.00478861 -198.9933239  -198.97935503 -198.8821019  -198.78122153]
Number of micro iterations at each grid point:
[1 1 1 1 1 1 1 1 1 1 1 1 1 1 1 1 1 1 1 1]
Nuclear eigenvalues: [-199.01405171 -199.00509934 -198.9905207  -198.97573469 -198.9576065
 -198.93643852 -198.91424713 -198.88487145 -198.86061774 -198.82020486
 -198.80063374 -198.74399236 -198.73406103 -198.65856213 -198.6506597
 -198.56464214 -198.54640736 -198.46188304 -198.39662958 -197.6450523 ]
Normalised Nuclear eigenvector: [-0.04923856-0.j -0.1627417 +0.j -0.33674241+0.j -0.56010721+0.j
 -0.78262105+0.j -0.93026134+0.j -0.93022629+0.j -0.74627088+0.j
 -0.40556695+0.j  0.00611656+0.j  0.41718173+0.j  0.7557149 +0.j
  0.93623659+0.j  0.93143414+0.j  0.77914726+0.j  0.55279006+0.j
  0.32788115+0.j  0.15423276+0.j  0.04276292+0.j -0.00155552+0.j]
Nuclear Kinetic Energy
(0.009498842387113108+0j)
Nuclear Potential Energy
(-199.01458916258284-0.003675420641728856j)
Total Energy
-199.00509934144134
Nuclear gradient at grid points
[ 12.65879914   6.09058389   4.30972004   2.92926499   1.80014713
   0.62824122  -0.67756354  -2.59421323  -6.79651694 486.18717935
   6.58383593   2.53559806   0.6414357   -0.66568168  -1.84680928
  -3.00705052  -4.42921708  -6.39623889 -13.88258077 -17.69386851]
Harmonic fundamental frequency [cm-1]
-2130.64672342517
Anharmonic fundamental frequency [cm-1]
1964.8190396988798
Vector potential
[np.complex128(0j), np.complex128(0j), np.complex128(0j), np.complex128(0j), np.complex128(0j), np.complex128(0j), np.complex128(0j), np.complex128(0j), np.complex128(0j), np.complex128(0j), np.complex128(0j), np.complex128(0j), np.complex128(0j), np.complex128(0j), np.complex128(0j), np.complex128(0j), np.complex128(0j), np.complex128(0j), np.complex128(0j), np.complex128(0j)]


Iteration 0 


Nuclear eigenvalues: [-199.01405171 -199.00509934 -198.9905207  -198.97573469 -198.9576065
 -198.93643852 -198.91424713 -198.88487145 -198.86061774 -198.82020486
 -198.80063374 -198.74399236 -198.73406103 -198.65856213 -198.6506597
 -198.56464214 -198.54640736 -198.46188304 -198.39662958 -197.6450523 ]
Normalised Nuclear eigenvector: [-0.04923856-0.j -0.1627417 +0.j -0.33674241+0.j -0.56010721+0.j
 -0.78262105+0.j -0.93026134+0.j -0.93022629+0.j -0.74627088+0.j
 -0.40556695+0.j  0.00611656+0.j  0.41718173+0.j  0.7557149 +0.j
  0.93623659+0.j  0.93143414+0.j  0.77914726+0.j  0.55279006+0.j
  0.32788115+0.j  0.15423276+0.j  0.04276292+0.j -0.00155552+0.j]
Nuclear Kinetic Energy
(0.009498842387113108+0j)
Nuclear Potential Energy
(-199.01458916258284-0.003675420641728856j)
Nuclear gradient at grid points
[ 12.65879914   6.09058389   4.30972004   2.92926499   1.80014713
   0.62824122  -0.67756354  -2.59421323  -6.79651694 486.18717935
   6.58383593   2.53559806   0.6414357   -0.66568168  -1.84680928
  -3.00705052  -4.42921708  -6.39623889 -13.88258077 -17.69386851]
Harmonic fundamental frequency [cm-1]
-2130.64672342517
Anharmonic fundamental frequency [cm-1]
1964.8190396988798
Vector potential
[np.complex128(0j), np.complex128(0j), np.complex128(0j), np.complex128(0j), np.complex128(0j), np.complex128(0j), np.complex128(0j), np.complex128(0j), np.complex128(0j), np.complex128(0j), np.complex128(0j), np.complex128(0j), np.complex128(0j), np.complex128(0j), np.complex128(0j), np.complex128(0j), np.complex128(0j), np.complex128(0j), np.complex128(0j), np.complex128(0j)]
Potential Energy Surface
[-200.96443375 -198.97212705 -198.99519375 -199.00301712 -199.01142166
 -199.01603771 -199.01874864 -199.01844549 -199.01494394 -197.42586996
 -199.0156027  -199.02066762 -199.01884236 -199.0159891  -199.01064321
 -199.0046572  -199.00312883 -198.99256544 -198.56970179 -198.26199646]
Number of micro iterations at each grid point:
[1 1 1 1 1 1 1 1 1 1 1 1 1 1 1 1 1 1 1 1]
Nuclear eigenvalues: [-200.73945337 -199.00515185 -199.00418265 -198.97679694 -198.97222327
 -198.93533025 -198.92732809 -198.87640311 -198.86462332 -198.80226991
 -198.7861841  -198.71153347 -198.68668316 -198.60517649 -198.57588319
 -198.48095998 -198.37217996 -198.13432351 -197.69785362 -197.05756352]
Normalised Nuclear eigenvector: [-0.00159174+9.78899835e-24j  0.03407289+2.38953592e-05j
  0.09278121+4.80096329e-05j  0.1607041 +8.78216100e-05j
  0.23610466+1.22238690e-04j  0.28538676+1.51498080e-04j
  0.29503707+1.51421340e-04j  0.24027498+1.27899874e-04j
  0.15263107+7.78632674e-05j -0.01941529-1.18207489e-05j
 -0.53397524-3.12403621e-04j -1.0201802 -5.82842072e-04j
 -1.27212215-7.38458615e-04j -1.27931964-7.20215267e-04j
 -1.08246974-6.98892147e-04j -0.79987438-5.98530406e-04j
 -0.51184054-3.64364209e-04j -0.2428524 -1.86395513e-04j
 -0.03318705-2.19871880e-05j -0.00169048-3.46305287e-06j]
Nuclear Kinetic Energy
(0.009359446973885263+5.346459966624927e-21j)
Nuclear Potential Energy
(-199.0145102481755+0.00046600828237766104j)
Nuclear gradient at grid points
[-28.14136182  11.77335988   4.58860949   3.30239383   2.07072247
   0.67366781  -0.29186255  -2.75488147  -3.52026886 125.31225
   7.8019588    2.46637276   0.8083132   -0.6920943   -1.59806427
  -2.71467178  -3.62617282  -7.99818779 -22.94332956   3.96303839]
Harmonic fundamental frequency [cm-1]
1495126.3521939334
Anharmonic fundamental frequency [cm-1]
380635.62713866733
Vector potential
[np.complex128(0j), np.complex128(0j), np.complex128(-1.9566402709170012e-07j), np.complex128(0j), np.complex128(0j), np.complex128(0j), np.complex128(0j), np.complex128(-2.3465223851538836e-07j), np.complex128(0j), np.complex128(6.260964879146427e-07j), np.complex128(0j), np.complex128(0j), np.complex128(6.3587887167975415e-09j), np.complex128(0j), np.complex128(-2.959766336776484e-06j), np.complex128(0j), np.complex128(0j), np.complex128(0j), np.complex128(0j), np.complex128(-1.9755098114410964e-16j)]
RMS electronic energy change at all grid points: 
 155.019303293219053
RMS density matrix change at all grid points: 
 7.656460259736518, 7.674006619380775
Total energy change: 
 -0.000052505482074+0.000000000000000j


Iteration 1 


Nuclear eigenvalues: [-200.73945337 -199.00515185 -199.00418265 -198.97679694 -198.97222327
 -198.93533025 -198.92732809 -198.87640311 -198.86462332 -198.80226991
 -198.7861841  -198.71153347 -198.68668316 -198.60517649 -198.57588319
 -198.48095998 -198.37217996 -198.13432351 -197.69785362 -197.05756352]
Normalised Nuclear eigenvector: [-0.00159174+9.78899835e-24j  0.03407289+2.38953592e-05j
  0.09278121+4.80096329e-05j  0.1607041 +8.78216100e-05j
  0.23610466+1.22238690e-04j  0.28538676+1.51498080e-04j
  0.29503707+1.51421340e-04j  0.24027498+1.27899874e-04j
  0.15263107+7.78632674e-05j -0.01941529-1.18207489e-05j
 -0.53397524-3.12403621e-04j -1.0201802 -5.82842072e-04j
 -1.27212215-7.38458615e-04j -1.27931964-7.20215267e-04j
 -1.08246974-6.98892147e-04j -0.79987438-5.98530406e-04j
 -0.51184054-3.64364209e-04j -0.2428524 -1.86395513e-04j
 -0.03318705-2.19871880e-05j -0.00169048-3.46305287e-06j]
Nuclear Kinetic Energy
(0.009359446973885263+5.346459966624927e-21j)
Nuclear Potential Energy
(-199.0145102481755+0.00046600828237766104j)
Nuclear gradient at grid points
[-28.14136182  11.77335988   4.58860949   3.30239383   2.07072247
   0.67366781  -0.29186255  -2.75488147  -3.52026886 125.31225
   7.8019588    2.46637276   0.8083132   -0.6920943   -1.59806427
  -2.71467178  -3.62617282  -7.99818779 -22.94332956   3.96303839]
Harmonic fundamental frequency [cm-1]
1495126.3521939334
Anharmonic fundamental frequency [cm-1]
380635.62713866733
Vector potential
[np.complex128(0j), np.complex128(0j), np.complex128(-1.9566402709170012e-07j), np.complex128(0j), np.complex128(0j), np.complex128(0j), np.complex128(0j), np.complex128(-2.3465223851538836e-07j), np.complex128(0j), np.complex128(6.260964879146427e-07j), np.complex128(0j), np.complex128(0j), np.complex128(6.3587887167975415e-09j), np.complex128(0j), np.complex128(-2.959766336776484e-06j), np.complex128(0j), np.complex128(0j), np.complex128(0j), np.complex128(0j), np.complex128(-1.9755098114410964e-16j)]
