converged SCF energy = -198.686162445412  <S^2> = 1.0658141e-14  2S+1 = 1
converged SCF energy = -199.124638472878  <S^2> = 3.5527137e-15  2S+1 = 1
converged SCF energy = -199.355022079077  <S^2> = 0  2S+1 = 1
converged SCF energy = -199.04248772875  <S^2> = -1.7763568e-15  2S+1 = 1
converged SCF energy = -198.759580470319  <S^2> = 7.1054274e-15  2S+1 = 1
converged SCF energy = -198.995550251788  <S^2> = 0  2S+1 = 1
converged SCF energy = -198.421824123416  <S^2> = -5.3290705e-15  2S+1 = 1
converged SCF energy = -199.250523394213  <S^2> = -7.1054274e-15  2S+1 = 1
converged SCF energy = -198.517983892566  <S^2> = -3.5527137e-15  2S+1 = 1
converged SCF energy = -199.409417587407  <S^2> = 1.7763568e-15  2S+1 = 1
converged SCF energy = -198.944220257355  <S^2> = 3.5527137e-15  2S+1 = 1
converged SCF energy = -198.888089188959  <S^2> = -7.1054274e-15  2S+1 = 1
converged SCF energy = -199.370652865114  <S^2> = 1.7763568e-15  2S+1 = 1
converged SCF energy = -199.16049838884  <S^2> = 7.1054274e-15  2S+1 = 1
converged SCF energy = -199.384852417015  <S^2> = 0  2S+1 = 1
converged SCF energy = -199.337832623676  <S^2> = 1.0658141e-14  2S+1 = 1
converged SCF energy = -199.19326520206  <S^2> = 0  2S+1 = 1
converged SCF energy = -199.318945878721  <S^2> = 5.3290705e-15  2S+1 = 1
converged SCF energy = -199.275463235178  <S^2> = 3.5527137e-15  2S+1 = 1
converged SCF energy = -199.39773799471  <S^2> = 3.5527137e-15  2S+1 = 1
converged SCF energy = -199.298210913701  <S^2> = -1.7763568e-15  2S+1 = 1
converged SCF energy = -198.605851760712  <S^2> = 3.5527137e-15  2S+1 = 1
converged SCF energy = -199.085404348472  <S^2> = 3.5527137e-15  2S+1 = 1
converged SCF energy = -198.826707567214  <S^2> = 3.5527137e-15  2S+1 = 1
converged SCF energy = -199.22319543973  <S^2> = -3.5527137e-15  2S+1 = 1
converged SCF energy = -199.501227628066  <S^2> = -7.1054274e-15  2S+1 = 1
converged SCF energy = -199.50091419962  <S^2> = 1.7763568e-14  2S+1 = 1
converged SCF energy = -199.501149576466  <S^2> = 1.7763568e-15  2S+1 = 1
converged SCF energy = -199.419990722853  <S^2> = 1.7763568e-15  2S+1 = 1
converged SCF energy = -199.469905775287  <S^2> = 0  2S+1 = 1
converged SCF energy = -199.490285527577  <S^2> = 0  2S+1 = 1
converged SCF energy = -199.499215100985  <S^2> = 3.5527137e-15  2S+1 = 1
converged SCF energy = -199.429549190311  <S^2> = 5.3290705e-15  2S+1 = 1
converged SCF energy = -199.478401357453  <S^2> = 0  2S+1 = 1
converged SCF energy = -199.485091388475  <S^2> = -1.0658141e-14  2S+1 = 1
converged SCF energy = -199.499954330899  <S^2> = -3.5527137e-15  2S+1 = 1
converged SCF energy = -199.445954386138  <S^2> = 7.1054274e-15  2S+1 = 1
converged SCF energy = -199.494240029058  <S^2> = -1.7763568e-15  2S+1 = 1
converged SCF energy = -199.481951397898  <S^2> = 5.3290705e-15  2S+1 = 1
converged SCF energy = -199.4878582379  <S^2> = 7.1054274e-15  2S+1 = 1
converged SCF energy = -199.452951462593  <S^2> = -3.5527137e-15  2S+1 = 1
converged SCF energy = -199.464868076181  <S^2> = 0  2S+1 = 1
converged SCF energy = -199.495819070026  <S^2> = 1.7763568e-15  2S+1 = 1
converged SCF energy = -199.500517827572  <S^2> = 5.3290705e-15  2S+1 = 1
converged SCF energy = -199.459235534678  <S^2> = 0  2S+1 = 1
converged SCF energy = -199.438177685627  <S^2> = 1.7763568e-15  2S+1 = 1
converged SCF energy = -199.497162430145  <S^2> = -3.5527137e-15  2S+1 = 1
converged SCF energy = -199.498289021484  <S^2> = 1.7763568e-15  2S+1 = 1
converged SCF energy = -199.492403666844  <S^2> = 3.5527137e-15  2S+1 = 1
converged SCF energy = -199.474400854906  <S^2> = 1.7763568e-15  2S+1 = 1
converged SCF energy = -199.501149576466  <S^2> = 7.1054274e-15  2S+1 = 1
converged SCF energy = -199.50091419962  <S^2> = 1.5987212e-14  2S+1 = 1
converged SCF energy = -199.469905775286  <S^2> = 1.2434498e-14  2S+1 = 1
converged SCF energy = -199.419990722853  <S^2> = 1.4210855e-14  2S+1 = 1
converged SCF energy = -199.481951397898  <S^2> = 1.7763568e-15  2S+1 = 1
converged SCF energy = -199.494240029058  <S^2> = 7.1054274e-15  2S+1 = 1
converged SCF energy = -199.492403666844  <S^2> = -1.7763568e-15  2S+1 = 1
converged SCF energy = -199.498289021484  <S^2> = 7.1054274e-15  2S+1 = 1
converged SCF energy = -199.500517827572  <S^2> = 0  2S+1 = 1
converged SCF energy = -199.497162430145  <S^2> = 0  2S+1 = 1
converged SCF energy = -199.499215100985  <S^2> = -3.5527137e-15  2S+1 = 1
converged SCF energy = -199.459235534678  <S^2> = -3.5527137e-15  2S+1 = 1
converged SCF energy = -199.474400854907  <S^2> = -5.3290705e-15  2S+1 = 1
converged SCF energy = -199.485091388475  <S^2> = 1.0658141e-14  2S+1 = 1
converged SCF energy = -199.445954386139  <S^2> = 7.1054274e-15  2S+1 = 1
converged SCF energy = -199.409417587407  <S^2> = 0  2S+1 = 1
converged SCF energy = -199.478401357453  <S^2> = 3.5527137e-15  2S+1 = 1
converged SCF energy = -199.499954330899  <S^2> = 7.1054274e-15  2S+1 = 1
converged SCF energy = -199.438177685627  <S^2> = 1.0658141e-14  2S+1 = 1
converged SCF energy = -199.495819070026  <S^2> = 0  2S+1 = 1
converged SCF energy = -199.429549190311  <S^2> = 0  2S+1 = 1
converged SCF energy = -199.4878582379  <S^2> = 1.0658141e-14  2S+1 = 1
converged SCF energy = -199.490285527576  <S^2> = 0  2S+1 = 1
converged SCF energy = -199.452951462594  <S^2> = 1.7763568e-15  2S+1 = 1
converged SCF energy = -199.464868076181  <S^2> = 5.3290705e-15  2S+1 = 1
converged SCF energy = -199.370652865114  <S^2> = 7.1054274e-15  2S+1 = 1
converged SCF energy = -199.2982109137  <S^2> = 0  2S+1 = 1
converged SCF energy = -198.421824123416  <S^2> = -7.1054274e-15  2S+1 = 1
converged SCF energy = -199.124638472878  <S^2> = 3.5527137e-15  2S+1 = 1
converged SCF energy = -199.085404348472  <S^2> = 7.1054274e-15  2S+1 = 1
converged SCF energy = -199.16049838884  <S^2> = -8.8817842e-15  2S+1 = 1
converged SCF energy = -199.318945878721  <S^2> = 3.5527137e-15  2S+1 = 1
converged SCF energy = -199.39773799471  <S^2> = 0  2S+1 = 1
converged SCF energy = -199.355022079077  <S^2> = 7.1054274e-15  2S+1 = 1
converged SCF energy = -199.384852417015  <S^2> = 0  2S+1 = 1
converged SCF energy = -199.19326520206  <S^2> = -1.7763568e-15  2S+1 = 1
converged SCF energy = -198.517983892566  <S^2> = -7.1054274e-15  2S+1 = 1
converged SCF energy = -199.337832623676  <S^2> = 3.5527137e-15  2S+1 = 1
converged SCF energy = -198.826707567213  <S^2> = 7.1054274e-15  2S+1 = 1
converged SCF energy = -198.944220257355  <S^2> = -1.7763568e-15  2S+1 = 1
converged SCF energy = -198.888089188958  <S^2> = 0  2S+1 = 1
converged SCF energy = -199.250523394213  <S^2> = 3.5527137e-15  2S+1 = 1
converged SCF energy = -199.275463235178  <S^2> = -7.1054274e-15  2S+1 = 1
converged SCF energy = -198.75958047032  <S^2> = 7.1054274e-15  2S+1 = 1
converged SCF energy = -199.22319543973  <S^2> = -1.7763568e-15  2S+1 = 1
converged SCF energy = -198.605851760711  <S^2> = 5.3290705e-15  2S+1 = 1
converged SCF energy = -198.316559105963  <S^2> = 3.5527137e-15  2S+1 = 1
converged SCF energy = -198.995550251788  <S^2> = 0  2S+1 = 1
converged SCF energy = -199.04248772875  <S^2> = 7.1054274e-15  2S+1 = 1
converged SCF energy = -198.686162445412  <S^2> = -3.5527137e-15  2S+1 = 1

UHF PES for FHF anion:
 [-198.42182412 -198.51798389 -198.60585176 -198.68616245 -198.75958047
 -198.82670757 -198.88808919 -198.94422026 -198.99555025 -199.04248773
 -199.08540435 -199.12463847 -199.16049839 -199.1932652  -199.22319544
 -199.25052339 -199.27546324 -199.29821091 -199.31894588 -199.33783262
 -199.35502208 -199.37065287 -199.38485242 -199.39773799 -199.40941759
 -199.41999072 -199.42954919 -199.43817769 -199.44595439 -199.45295146
 -199.45923553 -199.46486808 -199.46990578 -199.47440085 -199.47840136
 -199.4819514  -199.48509139 -199.48785824 -199.49028553 -199.49240367
 -199.49424003 -199.49581907 -199.49716243 -199.49828902 -199.4992151
 -199.49995433 -199.50051783 -199.5009142  -199.50114958 -199.50122763
 -199.50114958 -199.5009142  -199.50051783 -199.49995433 -199.4992151
 -199.49828902 -199.49716243 -199.49581907 -199.49424003 -199.49240367
 -199.49028553 -199.48785824 -199.48509139 -199.4819514  -199.47840136
 -199.47440085 -199.46990578 -199.46486808 -199.45923553 -199.45295146
 -199.44595439 -199.43817769 -199.42954919 -199.41999072 -199.40941759
 -199.39773799 -199.38485242 -199.37065287 -199.35502208 -199.33783262
 -199.31894588 -199.29821091 -199.27546324 -199.25052339 -199.22319544
 -199.1932652  -199.16049839 -199.12463847 -199.08540435 -199.04248773
 -198.99555025 -198.94422026 -198.88808919 -198.82670757 -198.75958047
 -198.68616245 -198.60585176 -198.51798389 -198.42182412 -198.31655911]

Parsed PES:
 [-198.42182412, -198.51798389, -198.60585176, -198.68616245, -198.75958047, -198.82670757, -198.88808919, -198.94422026, -198.99555025, -199.04248773, -199.08540435, -199.12463847, -199.16049839, -199.1932652, -199.22319544, -199.25052339, -199.27546324, -199.29821091, -199.31894588, -199.33783262, -199.35502208, -199.37065287, -199.38485242, -199.39773799, -199.40941759, -199.41999072, -199.42954919, -199.43817769, -199.44595439, -199.45295146, -199.45923553, -199.46486808, -199.46990578, -199.47440085, -199.47840136, -199.4819514, -199.48509139, -199.48785824, -199.49028553, -199.49240367, -199.49424003, -199.49581907, -199.49716243, -199.49828902, -199.4992151, -199.49995433, -199.50051783, -199.5009142, -199.50114958, -199.50122763, -199.50114958, -199.5009142, -199.50051783, -199.49995433, -199.4992151, -199.49828902, -199.49716243, -199.49581907, -199.49424003, -199.49240367, -199.49028553, -199.48785824, -199.48509139, -199.4819514, -199.47840136, -199.47440085, -199.46990578, -199.46486808, -199.45923553, -199.45295146, -199.44595439, -199.43817769, -199.42954919, -199.41999072, -199.40941759, -199.39773799, -199.38485242, -199.37065287, -199.35502208, -199.33783262, -199.31894588, -199.29821091, -199.27546324, -199.25052339, -199.22319544, -199.1932652, -199.16049839, -199.12463847, -199.08540435, -199.04248773, -198.99555025, -198.94422026, -198.88808919, -198.82670757, -198.75958047, -198.68616245, -198.60585176, -198.51798389, -198.42182412, -198.31655911]
