converged SCF energy = -199.431280596428  <S^2> = 0  2S+1 = 1
converged SCF energy = -199.482960370083  <S^2> = 7.1054274e-15  2S+1 = 1
converged SCF energy = -199.514273517861  <S^2> = 0  2S+1 = 1
converged SCF energy = -199.442265483701  <S^2> = -1.0658141e-14  2S+1 = 1
converged SCF energy = -199.357072282202  <S^2> = -1.7763568e-15  2S+1 = 1
converged SCF energy = -199.50254898019  <S^2> = 1.0658141e-14  2S+1 = 1
converged SCF energy = -199.511932475037  <S^2> = 1.4210855e-14  2S+1 = 1
converged SCF energy = -199.419150316293  <S^2> = 5.3290705e-15  2S+1 = 1
converged SCF energy = -199.374858393246  <S^2> = -7.1054274e-15  2S+1 = 1
converged SCF energy = -199.48875893194  <S^2> = 5.3290705e-15  2S+1 = 1
converged SCF energy = -199.452195911557  <S^2> = -3.5527137e-15  2S+1 = 1
converged SCF energy = -199.405776060625  <S^2> = 3.5527137e-15  2S+1 = 1
converged SCF energy = -199.391050836369  <S^2> = 3.5527137e-15  2S+1 = 1
converged SCF energy = -199.469222909677  <S^2> = -3.5527137e-15  2S+1 = 1
converged SCF energy = -199.493921789869  <S^2> = 8.8817842e-15  2S+1 = 1
converged SCF energy = -199.517985386252  <S^2> = 1.0658141e-14  2S+1 = 1
converged SCF energy = -199.498502034502  <S^2> = 3.5527137e-15  2S+1 = 1
converged SCF energy = -199.506108457636  <S^2> = 7.1054274e-15  2S+1 = 1
converged SCF energy = -199.509223078485  <S^2> = 1.0658141e-14  2S+1 = 1
converged SCF energy = -199.337554809333  <S^2> = -3.5527137e-15  2S+1 = 1
converged SCF energy = -199.461155848007  <S^2> = 3.5527137e-15  2S+1 = 1
converged SCF energy = -199.476468913153  <S^2> = 7.1054274e-15  2S+1 = 1
converged SCF energy = -199.516280513766  <S^2> = 1.0658141e-14  2S+1 = 1
converged SCF energy = -199.5194178403  <S^2> = 7.1054274e-15  2S+1 = 1
converged SCF energy = -199.520605513104  <S^2> = -1.7763568e-15  2S+1 = 1
converged SCF energy = -199.521399449254  <S^2> = 0  2S+1 = 1
converged SCF energy = -199.521814114679  <S^2> = -3.5527137e-15  2S+1 = 1
converged SCF energy = -199.523711852775  <S^2> = 3.5527137e-14  2S+1 = 1
converged SCF energy = -199.522617956782  <S^2> = -1.7763568e-15  2S+1 = 1
converged SCF energy = -199.521552658021  <S^2> = 5.3290705e-15  2S+1 = 1
converged SCF energy = -199.523084520326  <S^2> = 1.0658141e-14  2S+1 = 1
converged SCF energy = -199.523311517325  <S^2> = 2.1316282e-14  2S+1 = 1
converged SCF energy = -199.522179927152  <S^2> = -3.5527137e-15  2S+1 = 1
converged SCF energy = -199.522392366811  <S^2> = 1.7763568e-15  2S+1 = 1
converged SCF energy = -199.521416690018  <S^2> = 7.1054274e-15  2S+1 = 1
converged SCF energy = -199.522850871724  <S^2> = 1.0658141e-14  2S+1 = 1
converged SCF energy = -199.521985721778  <S^2> = 3.5527137e-15  2S+1 = 1
converged SCF energy = -199.523523651973  <S^2> = 2.8421709e-14  2S+1 = 1
converged SCF energy = -199.521668768136  <S^2> = 3.5527137e-15  2S+1 = 1
converged SCF energy = -199.521468086184  <S^2> = 7.1054274e-15  2S+1 = 1
converged SCF energy = -199.521574112131  <S^2> = 0  2S+1 = 1
converged SCF energy = -199.52294801921  <S^2> = 0  2S+1 = 1
converged SCF energy = -199.523975623491  <S^2> = 2.4868996e-14  2S+1 = 1
converged SCF energy = -199.523910787149  <S^2> = 0  2S+1 = 1
converged SCF energy = -199.524011444209  <S^2> = 3.5527137e-15  2S+1 = 1
converged SCF energy = -199.523396181644  <S^2> = 8.8817842e-15  2S+1 = 1
converged SCF energy = -199.52402837225  <S^2> = 0  2S+1 = 1
converged SCF energy = -199.523866148248  <S^2> = 1.7763568e-14  2S+1 = 1
converged SCF energy = -199.52371118361  <S^2> = 7.1054274e-15  2S+1 = 1
converged SCF energy = -199.522347541713  <S^2> = 1.0658141e-14  2S+1 = 1
converged SCF energy = -199.521668768136  <S^2> = 3.5527137e-15  2S+1 = 1
converged SCF energy = -199.523311517325  <S^2> = 1.9539925e-14  2S+1 = 1
converged SCF energy = -199.522179927152  <S^2> = 8.8817842e-15  2S+1 = 1
converged SCF energy = -199.521468086184  <S^2> = 3.5527137e-15  2S+1 = 1
converged SCF energy = -199.523711852774  <S^2> = 3.1974423e-14  2S+1 = 1
converged SCF energy = -199.523523651973  <S^2> = 2.6645353e-14  2S+1 = 1
converged SCF energy = -199.522617956782  <S^2> = 1.2434498e-14  2S+1 = 1
converged SCF energy = -199.521416690018  <S^2> = 3.5527137e-15  2S+1 = 1
converged SCF energy = -199.521814114679  <S^2> = 3.5527137e-15  2S+1 = 1
converged SCF energy = -199.521552658021  <S^2> = 7.1054274e-15  2S+1 = 1
converged SCF energy = -199.522392366811  <S^2> = -3.5527137e-15  2S+1 = 1
converged SCF energy = -199.522850871724  <S^2> = 7.1054274e-15  2S+1 = 1
converged SCF energy = -199.523084520326  <S^2> = 1.5987212e-14  2S+1 = 1
converged SCF energy = -199.521985721778  <S^2> = 1.4210855e-14  2S+1 = 1
converged SCF energy = -199.52402837225  <S^2> = 3.5527137e-15  2S+1 = 1
converged SCF energy = -199.521574112131  <S^2> = 3.5527137e-15  2S+1 = 1
converged SCF energy = -199.523396181644  <S^2> = 0  2S+1 = 1
converged SCF energy = -199.524011444209  <S^2> = 1.7763568e-15  2S+1 = 1
converged SCF energy = -199.523975623491  <S^2> = 1.7763568e-14  2S+1 = 1
converged SCF energy = -199.523866148249  <S^2> = 1.0658141e-14  2S+1 = 1
converged SCF energy = -199.520605513103  <S^2> = 0  2S+1 = 1
converged SCF energy = -199.522948019209  <S^2> = 7.1054274e-15  2S+1 = 1
converged SCF energy = -199.52371118361  <S^2> = 3.5527137e-15  2S+1 = 1
converged SCF energy = -199.522347541713  <S^2> = 8.8817842e-15  2S+1 = 1
converged SCF energy = -199.523910787149  <S^2> = -3.5527137e-15  2S+1 = 1
converged SCF energy = -199.419150316293  <S^2> = 7.1054274e-15  2S+1 = 1
converged SCF energy = -199.469222909677  <S^2> = 1.4210855e-14  2S+1 = 1
converged SCF energy = -199.506108457636  <S^2> = 3.5527137e-15  2S+1 = 1
converged SCF energy = -199.511932475037  <S^2> = 1.4210855e-14  2S+1 = 1
converged SCF energy = -199.431280596428  <S^2> = -3.5527137e-15  2S+1 = 1
converged SCF energy = -199.516280513766  <S^2> = 1.9539925e-14  2S+1 = 1
converged SCF energy = -199.517985386252  <S^2> = 8.8817842e-15  2S+1 = 1
converged SCF energy = -199.514273517861  <S^2> = 1.0658141e-14  2S+1 = 1
converged SCF energy = -199.374858393246  <S^2> = 0  2S+1 = 1
converged SCF energy = -199.452195911557  <S^2> = 7.1054274e-15  2S+1 = 1
converged SCF energy = -199.498502034503  <S^2> = 1.0658141e-14  2S+1 = 1
converged SCF energy = -199.31615587448  <S^2> = -1.0658141e-14  2S+1 = 1
converged SCF energy = -199.509223078485  <S^2> = 3.5527137e-15  2S+1 = 1
converged SCF energy = -199.461155848007  <S^2> = -1.7763568e-15  2S+1 = 1
converged SCF energy = -199.482960370083  <S^2> = 7.1054274e-15  2S+1 = 1
converged SCF energy = -199.357072282202  <S^2> = 0  2S+1 = 1
converged SCF energy = -199.337554809333  <S^2> = -3.5527137e-15  2S+1 = 1
converged SCF energy = -199.476468913154  <S^2> = 1.0658141e-14  2S+1 = 1
converged SCF energy = -199.442265483701  <S^2> = 0  2S+1 = 1
converged SCF energy = -199.48875893194  <S^2> = 3.5527137e-15  2S+1 = 1
converged SCF energy = -199.39105083637  <S^2> = -3.5527137e-15  2S+1 = 1
converged SCF energy = -199.50254898019  <S^2> = 1.7763568e-15  2S+1 = 1
converged SCF energy = -199.405776060625  <S^2> = 3.5527137e-15  2S+1 = 1
converged SCF energy = -199.493921789869  <S^2> = 0  2S+1 = 1
converged SCF energy = -199.519417840299  <S^2> = 0  2S+1 = 1

UHF PES for FHF anion:
 [-199.33755481 -199.35707228 -199.37485839 -199.39105084 -199.40577606
 -199.41915032 -199.4312806  -199.44226548 -199.45219591 -199.46115585
 -199.46922291 -199.47646891 -199.48296037 -199.48875893 -199.49392179
 -199.49850203 -199.50254898 -199.50610846 -199.50922308 -199.51193248
 -199.51427352 -199.51628051 -199.51798539 -199.51941784 -199.52060551
 -199.52157411 -199.52234754 -199.52294802 -199.52339618 -199.52371118
 -199.52391079 -199.52401144 -199.52402837 -199.52397562 -199.52386615
 -199.52371185 -199.52352365 -199.52331152 -199.52308452 -199.52285087
 -199.52261796 -199.52239237 -199.52217993 -199.52198572 -199.52181411
 -199.52166877 -199.52155266 -199.52146809 -199.52141669 -199.52139945
 -199.52141669 -199.52146809 -199.52155266 -199.52166877 -199.52181411
 -199.52198572 -199.52217993 -199.52239237 -199.52261796 -199.52285087
 -199.52308452 -199.52331152 -199.52352365 -199.52371185 -199.52386615
 -199.52397562 -199.52402837 -199.52401144 -199.52391079 -199.52371118
 -199.52339618 -199.52294802 -199.52234754 -199.52157411 -199.52060551
 -199.51941784 -199.51798539 -199.51628051 -199.51427352 -199.51193248
 -199.50922308 -199.50610846 -199.50254898 -199.49850203 -199.49392179
 -199.48875893 -199.48296037 -199.47646891 -199.46922291 -199.46115585
 -199.45219591 -199.44226548 -199.4312806  -199.41915032 -199.40577606
 -199.39105084 -199.37485839 -199.35707228 -199.33755481 -199.31615587]

Parsed PES:
 [-199.33755481, -199.35707228, -199.37485839, -199.39105084, -199.40577606, -199.41915032, -199.4312806, -199.44226548, -199.45219591, -199.46115585, -199.46922291, -199.47646891, -199.48296037, -199.48875893, -199.49392179, -199.49850203, -199.50254898, -199.50610846, -199.50922308, -199.51193248, -199.51427352, -199.51628051, -199.51798539, -199.51941784, -199.52060551, -199.52157411, -199.52234754, -199.52294802, -199.52339618, -199.52371118, -199.52391079, -199.52401144, -199.52402837, -199.52397562, -199.52386615, -199.52371185, -199.52352365, -199.52331152, -199.52308452, -199.52285087, -199.52261796, -199.52239237, -199.52217993, -199.52198572, -199.52181411, -199.52166877, -199.52155266, -199.52146809, -199.52141669, -199.52139945, -199.52141669, -199.52146809, -199.52155266, -199.52166877, -199.52181411, -199.52198572, -199.52217993, -199.52239237, -199.52261796, -199.52285087, -199.52308452, -199.52331152, -199.52352365, -199.52371185, -199.52386615, -199.52397562, -199.52402837, -199.52401144, -199.52391079, -199.52371118, -199.52339618, -199.52294802, -199.52234754, -199.52157411, -199.52060551, -199.51941784, -199.51798539, -199.51628051, -199.51427352, -199.51193248, -199.50922308, -199.50610846, -199.50254898, -199.49850203, -199.49392179, -199.48875893, -199.48296037, -199.47646891, -199.46922291, -199.46115585, -199.45219591, -199.44226548, -199.4312806, -199.41915032, -199.40577606, -199.39105084, -199.37485839, -199.35707228, -199.33755481, -199.31615587]
