converged SCF energy = -199.45593449162  <S^2> = 0  2S+1 = 1
converged SCF energy = -199.472059480681  <S^2> = 0  2S+1 = 1
converged SCF energy = -199.48499787273  <S^2> = 1.2434498e-14  2S+1 = 1
converged SCF energy = -199.424488600974  <S^2> = -5.3290705e-15  2S+1 = 1
converged SCF energy = -199.50929406039  <S^2> = 8.8817842e-15  2S+1 = 1
converged SCF energy = -199.506473570014  <S^2> = 7.1054274e-15  2S+1 = 1
converged SCF energy = -199.495242937944  <S^2> = 1.0658141e-14  2S+1 = 1
converged SCF energy = -199.478894427061  <S^2> = 1.2434498e-14  2S+1 = 1
converged SCF energy = -199.51171907438  <S^2> = 1.0658141e-14  2S+1 = 1
converged SCF energy = -199.411727928004  <S^2> = 1.7763568e-15  2S+1 = 1
converged SCF energy = -199.513784152353  <S^2> = 1.0658141e-14  2S+1 = 1
converged SCF energy = -199.464429152818  <S^2> = -7.1054274e-15  2S+1 = 1
converged SCF energy = -199.446501000811  <S^2> = -3.5527137e-15  2S+1 = 1
converged SCF energy = -199.4994905802  <S^2> = 1.0658141e-14  2S+1 = 1
converged SCF energy = -199.490429052604  <S^2> = 7.1054274e-15  2S+1 = 1
converged SCF energy = -199.436048112633  <S^2> = 0  2S+1 = 1
converged SCF energy = -199.519073562616  <S^2> = -3.5527137e-15  2S+1 = 1
converged SCF energy = -199.516964567359  <S^2> = -5.3290705e-15  2S+1 = 1
converged SCF energy = -199.520317644178  <S^2> = 5.3290705e-15  2S+1 = 1
converged SCF energy = -199.519791934399  <S^2> = 3.5527137e-15  2S+1 = 1
converged SCF energy = -199.503219420701  <S^2> = 1.0658141e-14  2S+1 = 1
converged SCF energy = -199.518139393104  <S^2> = 3.5527137e-15  2S+1 = 1
converged SCF energy = -199.520875679142  <S^2> = 3.5527137e-15  2S+1 = 1
converged SCF energy = -199.515522381339  <S^2> = 5.3290705e-15  2S+1 = 1
converged SCF energy = -199.520672218367  <S^2> = -1.7763568e-15  2S+1 = 1
converged SCF energy = -199.513440765805  <S^2> = 7.1054274e-15  2S+1 = 1
converged SCF energy = -199.513541638823  <S^2> = 7.1054274e-15  2S+1 = 1
converged SCF energy = -199.520233467082  <S^2> = 3.1974423e-14  2S+1 = 1
converged SCF energy = -199.519040616582  <S^2> = 3.5527137e-15  2S+1 = 1
converged SCF energy = -199.51366683898  <S^2> = 3.1974423e-14  2S+1 = 1
converged SCF energy = -199.51810400554  <S^2> = 2.3092639e-14  2S+1 = 1
converged SCF energy = -199.519877910672  <S^2> = 1.0658141e-14  2S+1 = 1
converged SCF energy = -199.518579963959  <S^2> = 7.1054274e-15  2S+1 = 1
converged SCF energy = -199.513466043412  <S^2> = 1.7763568e-15  2S+1 = 1
converged SCF energy = -199.517621313386  <S^2> = 4.6185278e-14  2S+1 = 1
converged SCF energy = -199.519476638987  <S^2> = 1.0658141e-14  2S+1 = 1
converged SCF energy = -199.513840452703  <S^2> = 5.3290705e-14  2S+1 = 1
converged SCF energy = -199.520531447219  <S^2> = 2.4868996e-14  2S+1 = 1
converged SCF energy = -199.514632591314  <S^2> = 4.9737992e-14  2S+1 = 1
converged SCF energy = -199.520946641864  <S^2> = 3.5527137e-15  2S+1 = 1
converged SCF energy = -199.516208076132  <S^2> = 4.9737992e-14  2S+1 = 1
converged SCF energy = -199.514060806506  <S^2> = 3.1974423e-14  2S+1 = 1
converged SCF energy = -199.514325738652  <S^2> = 3.5527137e-14  2S+1 = 1
converged SCF energy = -199.520902405512  <S^2> = 1.7763568e-15  2S+1 = 1
converged SCF energy = -199.517139746879  <S^2> = 2.4868996e-14  2S+1 = 1
converged SCF energy = -199.516666488533  <S^2> = 3.7303494e-14  2S+1 = 1
converged SCF energy = -199.515770431397  <S^2> = 4.6185278e-14  2S+1 = 1
converged SCF energy = -199.51497820076  <S^2> = 4.2632564e-14  2S+1 = 1
converged SCF energy = -199.515358885378  <S^2> = 4.2632564e-14  2S+1 = 1
converged SCF energy = -199.520759036622  <S^2> = 3.1974423e-14  2S+1 = 1
converged SCF energy = -199.513840452703  <S^2> = 5.1514348e-14  2S+1 = 1
converged SCF energy = -199.519040616582  <S^2> = 1.0658141e-14  2S+1 = 1
converged SCF energy = -199.513666838981  <S^2> = 3.5527137e-14  2S+1 = 1
converged SCF energy = -199.513466043412  <S^2> = 3.5527137e-15  2S+1 = 1
converged SCF energy = -199.520233467082  <S^2> = 2.8421709e-14  2S+1 = 1
converged SCF energy = -199.519476638987  <S^2> = 1.4210855e-14  2S+1 = 1
converged SCF energy = -199.51810400554  <S^2> = 2.1316282e-14  2S+1 = 1
converged SCF energy = -199.513541638823  <S^2> = 2.4868996e-14  2S+1 = 1
converged SCF energy = -199.517621313386  <S^2> = 4.4408921e-14  2S+1 = 1
converged SCF energy = -199.519877910672  <S^2> = 2.8421709e-14  2S+1 = 1
converged SCF energy = -199.516666488533  <S^2> = 3.907985e-14  2S+1 = 1
converged SCF energy = -199.520875679141  <S^2> = 3.5527137e-15  2S+1 = 1
converged SCF energy = -199.516208076132  <S^2> = 4.2632564e-14  2S+1 = 1
converged SCF energy = -199.514060806506  <S^2> = 3.907985e-14  2S+1 = 1
converged SCF energy = -199.514325738651  <S^2> = 4.4408921e-14  2S+1 = 1
converged SCF energy = -199.51497820076  <S^2> = 3.907985e-14  2S+1 = 1
converged SCF energy = -199.520531447219  <S^2> = 2.4868996e-14  2S+1 = 1
converged SCF energy = -199.51713974688  <S^2> = 3.375078e-14  2S+1 = 1
converged SCF energy = -199.520902405513  <S^2> = 3.5527137e-15  2S+1 = 1
converged SCF energy = -199.515770431397  <S^2> = 4.2632564e-14  2S+1 = 1
converged SCF energy = -199.518579963959  <S^2> = 1.7763568e-14  2S+1 = 1
converged SCF energy = -199.520759036622  <S^2> = 2.8421709e-14  2S+1 = 1
converged SCF energy = -199.514632591314  <S^2> = 3.5527137e-14  2S+1 = 1
converged SCF energy = -199.520946641865  <S^2> = 0  2S+1 = 1
converged SCF energy = -199.515358885377  <S^2> = 3.907985e-14  2S+1 = 1
converged SCF energy = -199.513784152353  <S^2> = 1.7763568e-14  2S+1 = 1
converged SCF energy = -199.411727928004  <S^2> = 3.5527137e-15  2S+1 = 1
converged SCF energy = -199.44650100081  <S^2> = 7.1054274e-15  2S+1 = 1
converged SCF energy = -199.472059480681  <S^2> = 7.1054274e-15  2S+1 = 1
converged SCF energy = -199.506473570014  <S^2> = 7.1054274e-15  2S+1 = 1
converged SCF energy = -199.495242937944  <S^2> = 5.3290705e-15  2S+1 = 1
converged SCF energy = -199.503219420701  <S^2> = 7.1054274e-15  2S+1 = 1
converged SCF energy = -199.4994905802  <S^2> = 3.5527137e-15  2S+1 = 1
converged SCF energy = -199.424488600974  <S^2> = -3.5527137e-15  2S+1 = 1
converged SCF energy = -199.436048112633  <S^2> = 7.1054274e-15  2S+1 = 1
converged SCF energy = -199.51171907438  <S^2> = 1.2434498e-14  2S+1 = 1
converged SCF energy = -199.490429052604  <S^2> = 7.1054274e-15  2S+1 = 1
converged SCF energy = -199.509294060389  <S^2> = 7.1054274e-15  2S+1 = 1
converged SCF energy = -199.47889442706  <S^2> = 3.5527137e-15  2S+1 = 1
converged SCF energy = -199.464429152818  <S^2> = 7.1054274e-15  2S+1 = 1
converged SCF energy = -199.45593449162  <S^2> = 3.5527137e-15  2S+1 = 1
converged SCF energy = -199.48499787273  <S^2> = 0  2S+1 = 1
converged SCF energy = -199.397663517116  <S^2> = -5.3290705e-15  2S+1 = 1
converged SCF energy = -199.519073562616  <S^2> = 1.0658141e-14  2S+1 = 1
converged SCF energy = -199.5197919344  <S^2> = 1.7763568e-15  2S+1 = 1
converged SCF energy = -199.515522381339  <S^2> = 0  2S+1 = 1
converged SCF energy = -199.520317644178  <S^2> = 0  2S+1 = 1
converged SCF energy = -199.516964567359  <S^2> = 3.5527137e-15  2S+1 = 1
converged SCF energy = -199.518139393105  <S^2> = -3.5527137e-15  2S+1 = 1
converged SCF energy = -199.520672218367  <S^2> = 0  2S+1 = 1

UHF PES for FHF anion:
 [-199.41172793 -199.4244886  -199.43604811 -199.446501   -199.45593449
 -199.46442915 -199.47205948 -199.47889443 -199.48499787 -199.49042905
 -199.49524294 -199.49949058 -199.50321942 -199.50647357 -199.50929406
 -199.51171907 -199.51378415 -199.51552238 -199.51696457 -199.51813939
 -199.51907356 -199.51979193 -199.52031764 -199.52067222 -199.52087568
 -199.52094664 -199.52090241 -199.52075904 -199.52053145 -199.52023347
 -199.51987791 -199.51947664 -199.51904062 -199.51857996 -199.51810401
 -199.51762131 -199.51713975 -199.51666649 -199.51620808 -199.51577043
 -199.51535889 -199.5149782  -199.51463259 -199.51432574 -199.51406081
 -199.51384045 -199.51366684 -199.51354164 -199.51346604 -199.51344077
 -199.51346604 -199.51354164 -199.51366684 -199.51384045 -199.51406081
 -199.51432574 -199.51463259 -199.5149782  -199.51535889 -199.51577043
 -199.51620808 -199.51666649 -199.51713975 -199.51762131 -199.51810401
 -199.51857996 -199.51904062 -199.51947664 -199.51987791 -199.52023347
 -199.52053145 -199.52075904 -199.52090241 -199.52094664 -199.52087568
 -199.52067222 -199.52031764 -199.51979193 -199.51907356 -199.51813939
 -199.51696457 -199.51552238 -199.51378415 -199.51171907 -199.50929406
 -199.50647357 -199.50321942 -199.49949058 -199.49524294 -199.49042905
 -199.48499787 -199.47889443 -199.47205948 -199.46442915 -199.45593449
 -199.446501   -199.43604811 -199.4244886  -199.41172793 -199.39766352]

Parsed PES:
 [-199.41172793, -199.4244886, -199.43604811, -199.446501, -199.45593449, -199.46442915, -199.47205948, -199.47889443, -199.48499787, -199.49042905, -199.49524294, -199.49949058, -199.50321942, -199.50647357, -199.50929406, -199.51171907, -199.51378415, -199.51552238, -199.51696457, -199.51813939, -199.51907356, -199.51979193, -199.52031764, -199.52067222, -199.52087568, -199.52094664, -199.52090241, -199.52075904, -199.52053145, -199.52023347, -199.51987791, -199.51947664, -199.51904062, -199.51857996, -199.51810401, -199.51762131, -199.51713975, -199.51666649, -199.51620808, -199.51577043, -199.51535889, -199.5149782, -199.51463259, -199.51432574, -199.51406081, -199.51384045, -199.51366684, -199.51354164, -199.51346604, -199.51344077, -199.51346604, -199.51354164, -199.51366684, -199.51384045, -199.51406081, -199.51432574, -199.51463259, -199.5149782, -199.51535889, -199.51577043, -199.51620808, -199.51666649, -199.51713975, -199.51762131, -199.51810401, -199.51857996, -199.51904062, -199.51947664, -199.51987791, -199.52023347, -199.52053145, -199.52075904, -199.52090241, -199.52094664, -199.52087568, -199.52067222, -199.52031764, -199.51979193, -199.51907356, -199.51813939, -199.51696457, -199.51552238, -199.51378415, -199.51171907, -199.50929406, -199.50647357, -199.50321942, -199.49949058, -199.49524294, -199.49042905, -199.48499787, -199.47889443, -199.47205948, -199.46442915, -199.45593449, -199.446501, -199.43604811, -199.4244886, -199.41172793, -199.39766352]
