converged SCF energy = -198.954622059925  <S^2> = -3.5527137e-15  2S+1 = 1
converged SCF energy = -197.967381225626  <S^2> = -3.5527137e-15  2S+1 = 1
converged SCF energy = -198.862287020977  <S^2> = -5.3290705e-15  2S+1 = 1
converged SCF energy = -198.309086354866  <S^2> = 0  2S+1 = 1
converged SCF energy = -198.904200766348  <S^2> = 0  2S+1 = 1
converged SCF energy = -198.439722800581  <S^2> = 1.7763568e-15  2S+1 = 1
converged SCF energy = -198.752748210264  <S^2> = 3.5527137e-15  2S+1 = 1
converged SCF energy = -198.812301363588  <S^2> = 3.5527137e-15  2S+1 = 1
converged SCF energy = -198.981412849343  <S^2> = -1.7763568e-15  2S+1 = 1
converged SCF energy = -198.153321766797  <S^2> = 0  2S+1 = 1
converged SCF energy = -198.641472614597  <S^2> = -3.5527137e-15  2S+1 = 1
converged SCF energy = -198.922530398288  <S^2> = -7.1054274e-15  2S+1 = 1
converged SCF energy = -198.838390399849  <S^2> = -3.5527137e-15  2S+1 = 1
converged SCF energy = -198.597431260742  <S^2> = 0  2S+1 = 1
converged SCF energy = -198.234637186649  <S^2> = 1.7763568e-15  2S+1 = 1
converged SCF energy = -198.064479780989  <S^2> = 3.5527137e-15  2S+1 = 1
converged SCF energy = -198.68183926075  <S^2> = -5.3290705e-15  2S+1 = 1
converged SCF energy = -198.939295500886  <S^2> = -1.7763568e-15  2S+1 = 1
converged SCF energy = -198.549378391825  <S^2> = -3.5527137e-15  2S+1 = 1
converged SCF energy = -198.884169451303  <S^2> = 1.7763568e-15  2S+1 = 1
converged SCF energy = -198.496944259746  <S^2> = 0  2S+1 = 1
converged SCF energy = -198.377267456561  <S^2> = 7.1054274e-15  2S+1 = 1
converged SCF energy = -198.968625774058  <S^2> = -5.3290705e-15  2S+1 = 1
converged SCF energy = -198.718837959171  <S^2> = 5.3290705e-15  2S+1 = 1
converged SCF energy = -198.783825006951  <S^2> = -8.8817842e-15  2S+1 = 1
converged SCF energy = -199.090171287182  <S^2> = 5.3290705e-15  2S+1 = 1
converged SCF energy = -199.082658310877  <S^2> = 1.7763568e-15  2S+1 = 1
converged SCF energy = -199.075337668562  <S^2> = -7.1054274e-15  2S+1 = 1
converged SCF energy = -199.078105123104  <S^2> = 5.3290705e-15  2S+1 = 1
converged SCF energy = -199.080538037827  <S^2> = -3.5527137e-15  2S+1 = 1
converged SCF energy = -199.068697528584  <S^2> = 3.5527137e-15  2S+1 = 1
converged SCF energy = -199.060383865607  <S^2> = -1.7763568e-15  2S+1 = 1
converged SCF energy = -199.088361480405  <S^2> = 1.7763568e-15  2S+1 = 1
converged SCF energy = -199.087323629736  <S^2> = 5.3290705e-15  2S+1 = 1
converged SCF energy = -199.055512092522  <S^2> = -3.5527137e-15  2S+1 = 1
converged SCF energy = -199.044132360264  <S^2> = 0  2S+1 = 1
converged SCF energy = -199.084485220629  <S^2> = 1.7763568e-14  2S+1 = 1
converged SCF energy = -199.090059485352  <S^2> = -3.5527137e-15  2S+1 = 1
converged SCF energy = -199.089723036032  <S^2> = 1.7763568e-15  2S+1 = 1
converged SCF energy = -199.050109963327  <S^2> = -3.5527137e-15  2S+1 = 1
converged SCF energy = -199.06476649765  <S^2> = 0  2S+1 = 1
converged SCF energy = -199.086035542106  <S^2> = 3.5527137e-15  2S+1 = 1
converged SCF energy = -199.072211006865  <S^2> = -3.5527137e-15  2S+1 = 1
converged SCF energy = -199.089158794579  <S^2> = 7.1054274e-15  2S+1 = 1
converged SCF energy = -199.013410467759  <S^2> = 3.5527137e-15  2S+1 = 1
converged SCF energy = -199.037529968172  <S^2> = 3.5527137e-15  2S+1 = 1
converged SCF energy = -199.003719196287  <S^2> = -7.1054274e-15  2S+1 = 1
converged SCF energy = -198.993080792938  <S^2> = 3.5527137e-15  2S+1 = 1
converged SCF energy = -199.030248926573  <S^2> = 0  2S+1 = 1
converged SCF energy = -199.022230454777  <S^2> = 0  2S+1 = 1
converged SCF energy = -199.082658310878  <S^2> = 0  2S+1 = 1
converged SCF energy = -199.044132360265  <S^2> = -1.0658141e-14  2S+1 = 1
converged SCF energy = -199.075337668562  <S^2> = 0  2S+1 = 1
converged SCF energy = -199.088361480406  <S^2> = 0  2S+1 = 1
converged SCF energy = -199.087323629737  <S^2> = 0  2S+1 = 1
converged SCF energy = -199.055512092522  <S^2> = 0  2S+1 = 1
converged SCF energy = -199.084485220629  <S^2> = 0  2S+1 = 1
converged SCF energy = -199.089723036032  <S^2> = -3.5527137e-15  2S+1 = 1
converged SCF energy = -199.086035542106  <S^2> = 7.1054274e-15  2S+1 = 1
converged SCF energy = -199.068697528584  <S^2> = -1.4210855e-14  2S+1 = 1
converged SCF energy = -199.080538037826  <S^2> = -1.7763568e-15  2S+1 = 1
converged SCF energy = -199.072211006864  <S^2> = -3.5527137e-15  2S+1 = 1
converged SCF energy = -199.078105123104  <S^2> = 0  2S+1 = 1
converged SCF energy = -199.090059485353  <S^2> = -1.2434498e-14  2S+1 = 1
converged SCF energy = -199.060383865607  <S^2> = 7.1054274e-15  2S+1 = 1
converged SCF energy = -199.06476649765  <S^2> = 0  2S+1 = 1
converged SCF energy = -199.089158794579  <S^2> = 7.1054274e-15  2S+1 = 1
converged SCF energy = -199.050109963327  <S^2> = -7.1054274e-15  2S+1 = 1
converged SCF energy = -198.993080792937  <S^2> = 3.5527137e-15  2S+1 = 1
converged SCF energy = -199.037529968172  <S^2> = -1.2434498e-14  2S+1 = 1
converged SCF energy = -199.003719196287  <S^2> = 0  2S+1 = 1
converged SCF energy = -199.030248926573  <S^2> = 3.5527137e-15  2S+1 = 1
converged SCF energy = -199.013410467758  <S^2> = 3.5527137e-15  2S+1 = 1
converged SCF energy = -199.022230454777  <S^2> = 0  2S+1 = 1
converged SCF energy = -198.981412849343  <S^2> = 0  2S+1 = 1
converged SCF energy = -198.954622059924  <S^2> = 0  2S+1 = 1
converged SCF energy = -198.43972280058  <S^2> = -3.5527137e-15  2S+1 = 1
converged SCF energy = -198.718837959171  <S^2> = 0  2S+1 = 1
converged SCF energy = -198.234637186649  <S^2> = -3.5527137e-15  2S+1 = 1
converged SCF energy = -198.309086354866  <S^2> = -5.3290705e-15  2S+1 = 1
converged SCF energy = -198.812301363588  <S^2> = -3.5527137e-15  2S+1 = 1
converged SCF energy = -198.862287020978  <S^2> = 0  2S+1 = 1
converged SCF energy = -198.377267456562  <S^2> = 0  2S+1 = 1
converged SCF energy = -198.752748210264  <S^2> = 3.5527137e-15  2S+1 = 1
converged SCF energy = -198.064479780988  <S^2> = -1.7763568e-15  2S+1 = 1
converged SCF energy = -198.597431260742  <S^2> = 0  2S+1 = 1
converged SCF energy = -198.153321766797  <S^2> = 0  2S+1 = 1
converged SCF energy = -198.496944259746  <S^2> = 0  2S+1 = 1
converged SCF energy = -198.68183926075  <S^2> = 0  2S+1 = 1
converged SCF energy = -197.861217651862  <S^2> = -1.7763568e-15  2S+1 = 1
converged SCF energy = -197.967381225626  <S^2> = 0  2S+1 = 1
converged SCF energy = -198.83839039985  <S^2> = -3.5527137e-15  2S+1 = 1
converged SCF energy = -198.884169451303  <S^2> = -8.8817842e-15  2S+1 = 1
converged SCF energy = -198.939295500886  <S^2> = 3.5527137e-15  2S+1 = 1
converged SCF energy = -198.904200766348  <S^2> = -3.5527137e-15  2S+1 = 1
converged SCF energy = -198.783825006951  <S^2> = -5.3290705e-15  2S+1 = 1
converged SCF energy = -198.549378391824  <S^2> = -5.3290705e-15  2S+1 = 1
converged SCF energy = -198.968625774058  <S^2> = -7.1054274e-15  2S+1 = 1
converged SCF energy = -198.922530398288  <S^2> = -7.1054274e-15  2S+1 = 1
converged SCF energy = -198.641472614597  <S^2> = 1.0658141e-14  2S+1 = 1

UKS PES for FHF anion:
 [-197.96738123 -198.06447978 -198.15332177 -198.23463719 -198.30908635
 -198.37726746 -198.4397228  -198.49694426 -198.54937839 -198.59743126
 -198.64147261 -198.68183926 -198.71883796 -198.75274821 -198.78382501
 -198.81230136 -198.8383904  -198.86228702 -198.88416945 -198.90420077
 -198.9225304  -198.9392955  -198.95462206 -198.96862577 -198.98141285
 -198.99308079 -199.0037192  -199.01341047 -199.02223045 -199.03024893
 -199.03752997 -199.04413236 -199.05010996 -199.05551209 -199.06038387
 -199.0647665  -199.06869753 -199.07221101 -199.07533767 -199.07810512
 -199.08053804 -199.08265831 -199.08448522 -199.08603554 -199.08732363
 -199.08836148 -199.08915879 -199.08972304 -199.09005949 -199.09017129
 -199.09005949 -199.08972304 -199.08915879 -199.08836148 -199.08732363
 -199.08603554 -199.08448522 -199.08265831 -199.08053804 -199.07810512
 -199.07533767 -199.07221101 -199.06869753 -199.0647665  -199.06038387
 -199.05551209 -199.05010996 -199.04413236 -199.03752997 -199.03024893
 -199.02223045 -199.01341047 -199.0037192  -198.99308079 -198.98141285
 -198.96862577 -198.95462206 -198.9392955  -198.9225304  -198.90420077
 -198.88416945 -198.86228702 -198.8383904  -198.81230136 -198.78382501
 -198.75274821 -198.71883796 -198.68183926 -198.64147261 -198.59743126
 -198.54937839 -198.49694426 -198.4397228  -198.37726746 -198.30908635
 -198.23463719 -198.15332177 -198.06447978 -197.96738123 -197.86121765]

Parsed PES:
 [-197.96738123, -198.06447978, -198.15332177, -198.23463719, -198.30908635, -198.37726746, -198.4397228, -198.49694426, -198.54937839, -198.59743126, -198.64147261, -198.68183926, -198.71883796, -198.75274821, -198.78382501, -198.81230136, -198.8383904, -198.86228702, -198.88416945, -198.90420077, -198.9225304, -198.9392955, -198.95462206, -198.96862577, -198.98141285, -198.99308079, -199.0037192, -199.01341047, -199.02223045, -199.03024893, -199.03752997, -199.04413236, -199.05010996, -199.05551209, -199.06038387, -199.0647665, -199.06869753, -199.07221101, -199.07533767, -199.07810512, -199.08053804, -199.08265831, -199.08448522, -199.08603554, -199.08732363, -199.08836148, -199.08915879, -199.08972304, -199.09005949, -199.09017129, -199.09005949, -199.08972304, -199.08915879, -199.08836148, -199.08732363, -199.08603554, -199.08448522, -199.08265831, -199.08053804, -199.07810512, -199.07533767, -199.07221101, -199.06869753, -199.0647665, -199.06038387, -199.05551209, -199.05010996, -199.04413236, -199.03752997, -199.03024893, -199.02223045, -199.01341047, -199.0037192, -198.99308079, -198.98141285, -198.96862577, -198.95462206, -198.9392955, -198.9225304, -198.90420077, -198.88416945, -198.86228702, -198.8383904, -198.81230136, -198.78382501, -198.75274821, -198.71883796, -198.68183926, -198.64147261, -198.59743126, -198.54937839, -198.49694426, -198.4397228, -198.37726746, -198.30908635, -198.23463719, -198.15332177, -198.06447978, -197.96738123, -197.86121765]
