converged SCF energy = -199.917323097416  <S^2> = -7.1054274e-15  2S+1 = 1
converged SCF energy = -199.853394817334  <S^2> = 0  2S+1 = 1
converged SCF energy = -199.870751140913  <S^2> = 3.5527137e-15  2S+1 = 1
converged SCF energy = -199.885053485392  <S^2> = 7.1054274e-15  2S+1 = 1
converged SCF energy = -199.878252639809  <S^2> = 1.7763568e-15  2S+1 = 1
converged SCF energy = -199.920246053081  <S^2> = -3.5527137e-15  2S+1 = 1
converged SCF energy = -199.891210654093  <S^2> = 0  2S+1 = 1
converged SCF energy = -199.910397998245  <S^2> = 1.0658141e-14  2S+1 = 1
converged SCF energy = -199.906327263728  <S^2> = -1.7763568e-15  2S+1 = 1
converged SCF energy = -199.896776842861  <S^2> = 0  2S+1 = 1
converged SCF energy = -199.901800729449  <S^2> = -1.7763568e-15  2S+1 = 1
converged SCF energy = -199.914051400431  <S^2> = -3.5527137e-15  2S+1 = 1
converged SCF energy = -199.862487410902  <S^2> = 3.5527137e-15  2S+1 = 1
converged SCF energy = -199.937174199363  <S^2> = -3.5527137e-15  2S+1 = 1
converged SCF energy = -199.93518463075  <S^2> = 0  2S+1 = 1
converged SCF energy = -199.935961081779  <S^2> = -3.5527137e-15  2S+1 = 1
converged SCF energy = -199.92516513772  <S^2> = -5.3290705e-15  2S+1 = 1
converged SCF energy = -199.932009756053  <S^2> = 0  2S+1 = 1
converged SCF energy = -199.933224300684  <S^2> = -7.1054274e-15  2S+1 = 1
converged SCF energy = -199.934277265438  <S^2> = 5.3290705e-15  2S+1 = 1
converged SCF energy = -199.929024890415  <S^2> = -3.5527137e-15  2S+1 = 1
converged SCF energy = -199.922850709268  <S^2> = -7.1054274e-15  2S+1 = 1
converged SCF energy = -199.93061624693  <S^2> = 5.3290705e-15  2S+1 = 1
converged SCF energy = -199.936620124332  <S^2> = -8.8817842e-15  2S+1 = 1
converged SCF energy = -199.927215227396  <S^2> = -3.5527137e-15  2S+1 = 1
converged SCF energy = -199.938440214472  <S^2> = 3.5527137e-15  2S+1 = 1
converged SCF energy = -199.93844530405  <S^2> = 3.5527137e-15  2S+1 = 1
converged SCF energy = -199.938610578845  <S^2> = -3.5527137e-15  2S+1 = 1
converged SCF energy = -199.93890643135  <S^2> = -1.0658141e-14  2S+1 = 1
converged SCF energy = -199.939056513103  <S^2> = 0  2S+1 = 1
converged SCF energy = -199.938316866226  <S^2> = 8.8817842e-15  2S+1 = 1
converged SCF energy = -199.938969201938  <S^2> = 3.5527137e-15  2S+1 = 1
converged SCF energy = -199.938460450514  <S^2> = -3.5527137e-15  2S+1 = 1
converged SCF energy = -199.938519200317  <S^2> = -3.5527137e-15  2S+1 = 1
converged SCF energy = -199.938847462458  <S^2> = 0  2S+1 = 1
converged SCF energy = -199.937634779393  <S^2> = -1.7763568e-15  2S+1 = 1
converged SCF energy = -199.938724700879  <S^2> = -3.5527137e-15  2S+1 = 1
converged SCF energy = -199.939054005266  <S^2> = -3.5527137e-15  2S+1 = 1
converged SCF energy = -199.938876020283  <S^2> = 0  2S+1 = 1
converged SCF energy = -199.938960155674  <S^2> = 0  2S+1 = 1
converged SCF energy = -199.939005484158  <S^2> = -1.7763568e-15  2S+1 = 1
converged SCF energy = -199.939026635002  <S^2> = -7.1054274e-15  2S+1 = 1
converged SCF energy = -199.938665575958  <S^2> = -1.4210855e-14  2S+1 = 1
converged SCF energy = -199.939038902873  <S^2> = -3.5527137e-15  2S+1 = 1
converged SCF energy = -199.938012432931  <S^2> = -3.5527137e-15  2S+1 = 1
converged SCF energy = -199.938740875253  <S^2> = 0  2S+1 = 1
converged SCF energy = -199.938561333242  <S^2> = 3.5527137e-15  2S+1 = 1
converged SCF energy = -199.938485286718  <S^2> = 0  2S+1 = 1
converged SCF energy = -199.938786057178  <S^2> = 0  2S+1 = 1
converged SCF energy = -199.938556969383  <S^2> = 3.5527137e-15  2S+1 = 1
converged SCF energy = -199.93844530405  <S^2> = 0  2S+1 = 1
converged SCF energy = -199.937174199363  <S^2> = -7.1054274e-15  2S+1 = 1
converged SCF energy = -199.938460450514  <S^2> = 0  2S+1 = 1
converged SCF energy = -199.938485286718  <S^2> = 0  2S+1 = 1
converged SCF energy = -199.938316866226  <S^2> = 3.5527137e-15  2S+1 = 1
converged SCF energy = -199.939038902873  <S^2> = 1.7763568e-15  2S+1 = 1
converged SCF energy = -199.938786057178  <S^2> = 1.7763568e-15  2S+1 = 1
converged SCF energy = -199.939026635002  <S^2> = -3.5527137e-15  2S+1 = 1
converged SCF energy = -199.93890643135  <S^2> = -3.5527137e-15  2S+1 = 1
converged SCF energy = -199.938561333242  <S^2> = 3.5527137e-15  2S+1 = 1
converged SCF energy = -199.938969201938  <S^2> = 7.1054274e-15  2S+1 = 1
converged SCF energy = -199.938610578845  <S^2> = -3.5527137e-15  2S+1 = 1
converged SCF energy = -199.938740875253  <S^2> = -3.5527137e-15  2S+1 = 1
converged SCF energy = -199.939054005266  <S^2> = -3.5527137e-15  2S+1 = 1
converged SCF energy = -199.938556969383  <S^2> = 3.5527137e-15  2S+1 = 1
converged SCF energy = -199.938847462458  <S^2> = 3.5527137e-15  2S+1 = 1
converged SCF energy = -199.938960155674  <S^2> = 1.7763568e-15  2S+1 = 1
converged SCF energy = -199.938876020283  <S^2> = 3.5527137e-15  2S+1 = 1
converged SCF energy = -199.938519200316  <S^2> = -3.5527137e-15  2S+1 = 1
converged SCF energy = -199.938665575958  <S^2> = 7.1054274e-15  2S+1 = 1
converged SCF energy = -199.938012432931  <S^2> = 0  2S+1 = 1
converged SCF energy = -199.938724700879  <S^2> = 7.1054274e-15  2S+1 = 1
converged SCF energy = -199.939056513103  <S^2> = -3.5527137e-15  2S+1 = 1
converged SCF energy = -199.939005484158  <S^2> = 0  2S+1 = 1
converged SCF energy = -199.937634779393  <S^2> = 3.5527137e-15  2S+1 = 1
converged SCF energy = -199.917323097416  <S^2> = 3.5527137e-15  2S+1 = 1
converged SCF energy = -199.906327263728  <S^2> = -3.5527137e-15  2S+1 = 1
converged SCF energy = -199.914051400431  <S^2> = -3.5527137e-15  2S+1 = 1
converged SCF energy = -199.878252639809  <S^2> = -3.5527137e-15  2S+1 = 1
converged SCF energy = -199.891210654093  <S^2> = 0  2S+1 = 1
converged SCF energy = -199.862487410902  <S^2> = 0  2S+1 = 1
converged SCF energy = -199.885053485392  <S^2> = -5.3290705e-15  2S+1 = 1
converged SCF energy = -199.870751140913  <S^2> = 0  2S+1 = 1
converged SCF energy = -199.910397998246  <S^2> = 5.3290705e-15  2S+1 = 1
converged SCF energy = -199.843401132612  <S^2> = -3.5527137e-15  2S+1 = 1
converged SCF energy = -199.901800729449  <S^2> = 5.3290705e-15  2S+1 = 1
converged SCF energy = -199.920246053082  <S^2> = -3.5527137e-15  2S+1 = 1
converged SCF energy = -199.896776842861  <S^2> = 1.7763568e-15  2S+1 = 1
converged SCF energy = -199.853394817335  <S^2> = 3.5527137e-15  2S+1 = 1
converged SCF energy = -199.93061624693  <S^2> = -7.1054274e-15  2S+1 = 1
converged SCF energy = -199.929024890415  <S^2> = 0  2S+1 = 1
converged SCF energy = -199.922850709268  <S^2> = -1.7763568e-15  2S+1 = 1
converged SCF energy = -199.93518463075  <S^2> = -3.5527137e-15  2S+1 = 1
converged SCF energy = -199.936620124332  <S^2> = 7.1054274e-15  2S+1 = 1
converged SCF energy = -199.927215227395  <S^2> = 0  2S+1 = 1
converged SCF energy = -199.93596108178  <S^2> = -3.5527137e-15  2S+1 = 1
converged SCF energy = -199.932009756053  <S^2> = 0  2S+1 = 1
converged SCF energy = -199.92516513772  <S^2> = -1.4210855e-14  2S+1 = 1
converged SCF energy = -199.933224300684  <S^2> = -3.5527137e-15  2S+1 = 1
converged SCF energy = -199.934277265438  <S^2> = 3.5527137e-15  2S+1 = 1

UKS PES for FHF anion:
 [-199.85339482 -199.86248741 -199.87075114 -199.87825264 -199.88505349
 -199.89121065 -199.89677684 -199.90180073 -199.90632726 -199.910398
 -199.9140514  -199.9173231  -199.92024605 -199.92285071 -199.92516514
 -199.92721523 -199.92902489 -199.93061625 -199.93200976 -199.9332243
 -199.93427727 -199.93518463 -199.93596108 -199.93662012 -199.9371742
 -199.93763478 -199.93801243 -199.93831687 -199.93855697 -199.93874088
 -199.93887602 -199.9389692  -199.93902664 -199.93905401 -199.93905651
 -199.9390389  -199.93900548 -199.93896016 -199.93890643 -199.93884746
 -199.93878606 -199.9387247  -199.93866558 -199.93861058 -199.93856133
 -199.9385192  -199.93848529 -199.93846045 -199.9384453  -199.93844021
 -199.9384453  -199.93846045 -199.93848529 -199.9385192  -199.93856133
 -199.93861058 -199.93866558 -199.9387247  -199.93878606 -199.93884746
 -199.93890643 -199.93896016 -199.93900548 -199.9390389  -199.93905651
 -199.93905401 -199.93902664 -199.9389692  -199.93887602 -199.93874088
 -199.93855697 -199.93831687 -199.93801243 -199.93763478 -199.9371742
 -199.93662012 -199.93596108 -199.93518463 -199.93427727 -199.9332243
 -199.93200976 -199.93061625 -199.92902489 -199.92721523 -199.92516514
 -199.92285071 -199.92024605 -199.9173231  -199.9140514  -199.910398
 -199.90632726 -199.90180073 -199.89677684 -199.89121065 -199.88505349
 -199.87825264 -199.87075114 -199.86248741 -199.85339482 -199.84340113]

Parsed PES:
 [-199.85339482, -199.86248741, -199.87075114, -199.87825264, -199.88505349, -199.89121065, -199.89677684, -199.90180073, -199.90632726, -199.910398, -199.9140514, -199.9173231, -199.92024605, -199.92285071, -199.92516514, -199.92721523, -199.92902489, -199.93061625, -199.93200976, -199.9332243, -199.93427727, -199.93518463, -199.93596108, -199.93662012, -199.9371742, -199.93763478, -199.93801243, -199.93831687, -199.93855697, -199.93874088, -199.93887602, -199.9389692, -199.93902664, -199.93905401, -199.93905651, -199.9390389, -199.93900548, -199.93896016, -199.93890643, -199.93884746, -199.93878606, -199.9387247, -199.93866558, -199.93861058, -199.93856133, -199.9385192, -199.93848529, -199.93846045, -199.9384453, -199.93844021, -199.9384453, -199.93846045, -199.93848529, -199.9385192, -199.93856133, -199.93861058, -199.93866558, -199.9387247, -199.93878606, -199.93884746, -199.93890643, -199.93896016, -199.93900548, -199.9390389, -199.93905651, -199.93905401, -199.93902664, -199.9389692, -199.93887602, -199.93874088, -199.93855697, -199.93831687, -199.93801243, -199.93763478, -199.9371742, -199.93662012, -199.93596108, -199.93518463, -199.93427727, -199.9332243, -199.93200976, -199.93061625, -199.92902489, -199.92721523, -199.92516514, -199.92285071, -199.92024605, -199.9173231, -199.9140514, -199.910398, -199.90632726, -199.90180073, -199.89677684, -199.89121065, -199.88505349, -199.87825264, -199.87075114, -199.86248741, -199.85339482, -199.84340113]
