
Nucleus-Electron Coupled Self-Consistent Field method for treating nonadiabatic electron-nuclei coupling effects

Initial Guess with UKS solutions
converged SCF energy = -1.13106514228691  <S^2> = 2.220446e-16  2S+1 = 1
converged SCF energy = -1.1285571840757  <S^2> = 4.4408921e-16  2S+1 = 1
converged SCF energy = -1.13112430467151  <S^2> = 4.4408921e-16  2S+1 = 1
converged SCF energy = -1.12345141928806  <S^2> = 0  2S+1 = 1
converged SCF energy = -1.1320665282799  <S^2> = 2.220446e-16  2S+1 = 1
converged SCF energy = -1.13199321500518  <S^2> = 0  2S+1 = 1
converged SCF energy = -1.12953772842715  <S^2> = 0  2S+1 = 1
converged SCF energy = -1.12622071288209  <S^2> = -8.8817842e-16  2S+1 = 1
converged SCF energy = -1.13168600510204  <S^2> = 0  2S+1 = 1
converged SCF energy = -1.13158573730936  <S^2> = 8.8817842e-16  2S+1 = 1
converged SCF energy = -1.13037791783284  <S^2> = 0  2S+1 = 1
converged SCF energy = -1.12488548019879  <S^2> = -8.8817842e-16  2S+1 = 1
converged SCF energy = -1.13192488886663  <S^2> = 0  2S+1 = 1
converged SCF energy = -1.12744792733906  <S^2> = 0  2S+1 = 1
converged SCF energy = -1.13028570682967  <S^2> = 0  2S+1 = 1
converged SCF energy = -1.12767801644744  <S^2> = -8.8817842e-16  2S+1 = 1
converged SCF energy = -1.12914581045633  <S^2> = 0  2S+1 = 1
converged SCF energy = -1.12585329687987  <S^2> = 2.220446e-16  2S+1 = 1
converged SCF energy = -1.12363993271861  <S^2> = 0  2S+1 = 1
converged SCF energy = -1.12100321763001  <S^2> = -4.4408921e-16  2S+1 = 1
converged SCF energy = -1.11430392854824  <S^2> = -4.4408921e-16  2S+1 = 1
converged SCF energy = -1.11015377783439  <S^2> = 4.4408921e-16  2S+1 = 1
converged SCF energy = -1.09999954734994  <S^2> = 6.6613381e-16  2S+1 = 1
converged SCF energy = -1.11790512449917  <S^2> = 0  2S+1 = 1
converged SCF energy = -1.10540420125167  <S^2> = 4.4408921e-16  2S+1 = 1
converged SCF energy = -1.11688766132837  <S^2> = 0  2S+1 = 1
converged SCF energy = -1.12192703026592  <S^2> = 0  2S+1 = 1
converged SCF energy = -1.12032017778417  <S^2> = 0  2S+1 = 1
converged SCF energy = -1.11507498288576  <S^2> = -4.4408921e-16  2S+1 = 1
converged SCF energy = -1.11863814125816  <S^2> = 6.6613381e-16  2S+1 = 1

Initial UKS PES
Potential Energy Surface
[-1.09999955 -1.1054042  -1.11015378 -1.11430393 -1.11790512 -1.12100322
 -1.12363993 -1.1258533  -1.12767802 -1.12914581 -1.13028571 -1.1311243
 -1.13168601 -1.13199322 -1.13206653 -1.13192489 -1.13158574 -1.13106514
 -1.13037792 -1.12953773 -1.12855718 -1.12744793 -1.12622071 -1.12488548
 -1.12345142 -1.12192703 -1.12032018 -1.11863814 -1.11688766 -1.11507498]
Contribution from Core Hamiltonian
[-2.72769212 -2.70624929 -2.68516029 -2.66442132 -2.64402827 -2.6239768
 -2.60426234 -2.58488018 -2.56582548 -2.54709329 -2.52867861 -2.51057635
 -2.4927814  -2.47528861 -2.45809283 -2.44118889 -2.42457162 -2.40823585
 -2.39217643 -2.37638822 -2.3608661  -2.34560497 -2.33059976 -2.31584545
 -2.30133703 -2.28706954 -2.2730381  -2.25923782 -2.24566393 -2.23231166]
########  Contribution from Two-Electron Integrals  ########
[0.71555522 0.70932689 0.70319586 0.69716184 0.69122437 0.68538293
 0.67963683 0.67398531 0.66842754 0.6629626  0.65758949 0.65230717
 0.64711451 0.64201035 0.63699348 0.63206263 0.6272165  0.62245375
 0.61777301 0.61317287 0.60865191 0.60420866 0.59984166 0.59554941
 0.59133039 0.5871831  0.58310601 0.57909758 0.57515629 0.5712806 ]
########  Contribution from nuclear repulsion  ########
[0.91213735 0.8915182  0.87181065 0.85295556 0.83489877 0.81759065
 0.80098558 0.78504157 0.76971992 0.75498489 0.74080341 0.72714488
 0.71398088 0.70128504 0.68903283 0.67720138 0.66576939 0.65471696
 0.64402551 0.63367762 0.62365701 0.61394838 0.60453739 0.59541056
 0.58655522 0.57795941 0.56961191 0.5615021  0.55361998 0.54595608]
Nuclear gradient at grid points
[ -3.42723595  -4.24014461  -5.14411088  -6.16384473  -7.33387323
  -8.70394153 -10.34840997 -12.38356796 -15.00187253 -18.54600367
 -23.6889668  -31.94791313 -47.52051491 -85.77235875   0.
  85.77235875  47.52051491  31.94791313  23.6889668   18.54600367
  15.00187253  12.38356796  10.34840997   8.70394153   7.33387323
   6.16384473   5.14411088   4.24014461   3.42723595   2.6872373 ]
Nuclear wavefunction
[-1.33983826 -1.28946076 -1.23036882 -1.16274614 -1.08687407 -1.00313088
 -0.91198942 -0.81401317 -0.70985079 -0.60022919 -0.48594515 -0.36785572
 -0.24686761 -0.12392554  0.          0.12392554  0.24686761  0.36785572
  0.48594515  0.60022919  0.70985079  0.81401317  0.91198942  1.00313088
  1.08687407  1.16274614  1.23036882  1.28946076  1.33983826  1.38141452]

******** Entering NECSCF Cycle *********
NECSCF Potential Energy Surface
[-1.10024475 -1.10577375 -1.11068975 -1.11506269 -1.11896472 -1.1224757
 -1.12569298 -1.12875028 -1.13185782 -1.13539548 -1.14015756 -1.14809049
 -1.16493497 -1.20966678 -1.13206653 -1.20898919 -1.16428072 -1.14767377
 -1.14000528 -1.13560896 -1.13260065 -1.13023773 -1.12818807 -1.12628895
 -1.12445541 -1.12264121 -1.12082069 -1.11897949 -1.11710851 -1.11499641]
Number of micro iterations at each grid point:
[ 8  8  8  8  8  8  7  9  7 10 12 14 18 26  1 26 26 26 26 26 26 26 26 26
 26 26 26 26 26 26]

******************* NECSCF Results Summary *******************
NECSCF convergence is False
Final Potential Energy Surface
[-1.10024475 -1.10577375 -1.11068975 -1.11506269 -1.11896472 -1.1224757
 -1.12569298 -1.12875028 -1.13185782 -1.13539548 -1.14015756 -1.14809049
 -1.16493497 -1.20966678 -1.13206653 -1.20898919 -1.16428072 -1.14767377
 -1.14000528 -1.13560896 -1.13260065 -1.13023773 -1.12818807 -1.12628895
 -1.12445541 -1.12264121 -1.12082069 -1.11897949 -1.11710851 -1.11499641]
Contribution from Core Hamiltonian
[-2.72804915 -2.70678504 -2.68593392 -2.66551173 -2.64554433 -2.62607433
 -2.60717396 -2.5889705  -2.57170068 -2.55583831 -2.54242764 -2.53408732
 -2.53857477 -2.58113448 -2.45809284 -2.54538148 -2.46888992 -2.43070317
 -2.40515925 -2.38454734 -2.36628094 -2.3493278  -2.33321599 -2.31770553
 -2.30266339 -2.2880103  -2.27369594 -2.25968644 -2.24595771 -2.23248092]
########  Contribution from Two-Electron Integrals  ########
[0.7156768  0.70950793 0.70345526 0.69752456 0.69172464 0.68606942
 0.68058188 0.67530185 0.67030269 0.66573032 0.6619053  0.65963087
 0.66129359 0.67477995 0.63699348 0.66379805 0.64047059 0.62908941
 0.62156609 0.61553255 0.6102026  0.60526459 0.60057672 0.59606716
 0.59169623 0.5874403  0.58328438 0.57921842 0.57523554 0.57139063]
########  Contribution from nucleus-electron coupling  ########
[-9.74123207e-06 -1.48380719e-05 -2.17392025e-05 -3.10758166e-05
 -4.38060991e-05 -6.14393915e-05 -8.64767037e-05 -1.23211770e-04
 -1.79747448e-04 -2.72384946e-04 -4.38634999e-04 -7.78923845e-04
 -1.63466980e-03 -4.59730007e-03  0.00000000e+00 -4.60713846e-03
 -1.63078067e-03 -7.76979231e-04 -4.37621341e-04 -2.71790166e-04
 -1.79316463e-04 -1.22893183e-04 -8.61844965e-05 -6.11504923e-05
 -4.34650612e-05 -3.06217945e-05 -2.10495459e-05 -1.35775199e-05
 -6.32006146e-06  1.37807059e-04]
